Component: ARM Compiler 5.06 update 7 (build 960) Tool: armlink [4d3601]

==============================================================================

Section Cross References

    startup_stm32f103xe.o(RESET) refers to startup_stm32f103xe.o(STACK) for __initial_sp
    startup_stm32f103xe.o(RESET) refers to startup_stm32f103xe.o(.text) for Reset_Handler
    startup_stm32f103xe.o(RESET) refers to stm32f1xx_it.o(i.NMI_Handler) for NMI_Handler
    startup_stm32f103xe.o(RESET) refers to stm32f1xx_it.o(i.HardFault_Handler) for HardFault_Handler
    startup_stm32f103xe.o(RESET) refers to stm32f1xx_it.o(i.MemManage_Handler) for MemManage_Handler
    startup_stm32f103xe.o(RESET) refers to stm32f1xx_it.o(i.BusFault_Handler) for BusFault_Handler
    startup_stm32f103xe.o(RESET) refers to stm32f1xx_it.o(i.UsageFault_Handler) for UsageFault_Handler
    startup_stm32f103xe.o(RESET) refers to port.o(.emb_text) for SVC_Handler
    startup_stm32f103xe.o(RESET) refers to stm32f1xx_it.o(i.DebugMon_Handler) for DebugMon_Handler
    startup_stm32f103xe.o(RESET) refers to port.o(i.SysTick_Handler) for SysTick_Handler
    startup_stm32f103xe.o(RESET) refers to stm32f1xx_it.o(i.DMA1_Channel4_IRQHandler) for DMA1_Channel4_IRQHandler
    startup_stm32f103xe.o(RESET) refers to stm32f1xx_it.o(i.DMA1_Channel5_IRQHandler) for DMA1_Channel5_IRQHandler
    startup_stm32f103xe.o(RESET) refers to stm32f1xx_it.o(i.USB_LP_CAN1_RX0_IRQHandler) for USB_LP_CAN1_RX0_IRQHandler
    startup_stm32f103xe.o(RESET) refers to stm32f1xx_it.o(i.TIM1_UP_IRQHandler) for TIM1_UP_IRQHandler
    startup_stm32f103xe.o(RESET) refers to stm32f1xx_it.o(i.USART1_IRQHandler) for USART1_IRQHandler
    startup_stm32f103xe.o(RESET) refers to stm32f1xx_it.o(i.DMA2_Channel3_IRQHandler) for DMA2_Channel3_IRQHandler
    startup_stm32f103xe.o(RESET) refers to stm32f1xx_it.o(i.DMA2_Channel4_5_IRQHandler) for DMA2_Channel4_5_IRQHandler
    startup_stm32f103xe.o(.text) refers to system_stm32f1xx.o(i.SystemInit) for SystemInit
    startup_stm32f103xe.o(.text) refers to entry.o(.ARM.Collect$$$$00000000) for __main
    main.o(i.HAL_TIM_PeriodElapsedCallback) refers to stm32f1xx_hal.o(i.HAL_IncTick) for HAL_IncTick
    main.o(i.HAL_TIM_PeriodElapsedCallback) refers to port_timer.o(i.TCX_IRQHANDLER) for TCX_IRQHANDLER
    main.o(i.MX_DMA_Init) refers to stm32f1xx_hal_cortex.o(i.HAL_NVIC_SetPriority) for HAL_NVIC_SetPriority
    main.o(i.MX_DMA_Init) refers to stm32f1xx_hal_cortex.o(i.HAL_NVIC_EnableIRQ) for HAL_NVIC_EnableIRQ
    main.o(i.MX_GPIO_Init) refers to stm32f1xx_hal_gpio.o(i.HAL_GPIO_Init) for HAL_GPIO_Init
    main.o(i.SystemClock_Config) refers to memseta.o(.text) for __aeabi_memclr4
    main.o(i.SystemClock_Config) refers to stm32f1xx_hal_rcc.o(i.HAL_RCC_OscConfig) for HAL_RCC_OscConfig
    main.o(i.SystemClock_Config) refers to stm32f1xx_hal_rcc.o(i.HAL_RCC_ClockConfig) for HAL_RCC_ClockConfig
    main.o(i.SystemClock_Config) refers to stm32f1xx_hal_rcc_ex.o(i.HAL_RCCEx_PeriphCLKConfig) for HAL_RCCEx_PeriphCLKConfig
    main.o(i.main) refers to stm32f1xx_hal.o(i.HAL_Init) for HAL_Init
    main.o(i.main) refers to main.o(i.SystemClock_Config) for SystemClock_Config
    main.o(i.main) refers to main.o(i.MX_GPIO_Init) for MX_GPIO_Init
    main.o(i.main) refers to main.o(i.MX_DMA_Init) for MX_DMA_Init
    main.o(i.main) refers to printf_reloc.o(i.ConfigTraceSWO) for ConfigTraceSWO
    main.o(i.main) refers to delay_cpu_clk.o(i.CPUHeartBeatInit) for CPUHeartBeatInit
    main.o(i.main) refers to iap.o(i.jump_to_user_application_if) for jump_to_user_application_if
    main.o(i.main) refers to memcpya.o(.text) for __aeabi_memcpy4
    main.o(i.main) refers to cmsis_os.o(i.osThreadCreate) for osThreadCreate
    main.o(i.main) refers to cmsis_os.o(i.osKernelStart) for osKernelStart
    main.o(i.main) refers to main.o(.constdata) for .constdata
    main.o(i.main) refers to main.o(.data) for .data
    main.o(i.start_usb_task) refers to usb_device.o(i.MX_USB_DEVICE_Init) for MX_USB_DEVICE_Init
    main.o(i.start_usb_task) refers to iap.o(i.iap_process) for iap_process
    main.o(i.start_usb_task) refers to cmsis_os.o(i.osDelay) for osDelay
    main.o(.constdata) refers to main.o(.conststring) for .conststring
    main.o(.constdata) refers to main.o(i.start_usb_task) for start_usb_task
    main.o(.constdata) refers to main.o(.bss) for usb_task_buffer
    main.o(.constdata) refers to main.o(.bss) for usb_task_control_block
    main.o(.constdata) refers to modbus_schedule.o(i.start_modbus_task) for start_modbus_task
    main.o(.constdata) refers to main.o(.bss) for modbus_task_buffer
    main.o(.constdata) refers to main.o(.bss) for modbus_task_control_block
    freertos.o(i.vApplicationGetIdleTaskMemory) refers to freertos.o(.bss) for .bss
    stm32f1xx_it.o(i.DMA1_Channel4_IRQHandler) refers to stm32f1xx_hal_dma.o(i.HAL_DMA_IRQHandler) for HAL_DMA_IRQHandler
    stm32f1xx_it.o(i.DMA1_Channel4_IRQHandler) refers to main.o(.bss) for hdma_usart1_tx
[...]
    ucHeap                                   0x200024b0   Data        3072  heap_4.o(.bss)
    .bss                                     0x200030b0   Section     1030  mbrtu.o(.bss)
    ucRTUBuf                                 0x200030b0   Data        1030  mbrtu.o(.bss)
    .bss                                     0x200034b6   Section     1029  hnnce.o(.bss)
    STACK                                    0x200038c0   Section     1024  startup_stm32f103xe.o(STACK)

    Global Symbols

    Symbol Name                              Value     Ov Type        Size  Object(Section)

    BuildAttributes$$THM_ISAv4$P$D$K$B$S$PE$A:L22UL41UL21$X:L11$S22US41US21$IEEE1$IW$USESV6$~STKCKD$USESV7$~SHL$OSPACE$ROPI$EBA8$MICROLIB$REQ8$PRES8$EABIv2 0x00000000   Number         0  anon$$obj.o ABSOLUTE
    __ARM_use_no_argv                        0x00000000   Number         0  main.o ABSOLUTE
    _printf_a                                0x00000000   Number         0  stubs.o ABSOLUTE
    _printf_c                                0x00000000   Number         0  stubs.o ABSOLUTE
    _printf_charcount                        0x00000000   Number         0  stubs.o ABSOLUTE
    _printf_d                                0x00000000   Number         0  stubs.o ABSOLUTE
    _printf_e                                0x00000000   Number         0  stubs.o ABSOLUTE
    _printf_f                                0x00000000   Number         0  stubs.o ABSOLUTE
    _printf_flags                            0x00000000   Number         0  stubs.o ABSOLUTE
    _printf_fp_dec                           0x00000000   Number         0  stubs.o ABSOLUTE
    _printf_fp_hex                           0x00000000   Number         0  stubs.o ABSOLUTE
    _printf_g                                0x00000000   Number         0  stubs.o ABSOLUTE
    _printf_i                                0x00000000   Number         0  stubs.o ABSOLUTE
    _printf_int_dec                          0x00000000   Number         0  stubs.o ABSOLUTE
    _printf_l                                0x00000000   Number         0  stubs.o ABSOLUTE
    _printf_lc                               0x00000000   Number         0  stubs.o ABSOLUTE
    _printf_ll                               0x00000000   Number         0  stubs.o ABSOLUTE
    _printf_lld                              0x00000000   Number         0  stubs.o ABSOLUTE
    _printf_lli                              0x00000000   Number         0  stubs.o ABSOLUTE
    _printf_llo                              0x00000000   Number         0  stubs.o ABSOLUTE
    _printf_llu                              0x00000000   Number         0  stubs.o ABSOLUTE
    _printf_llx                              0x00000000   Number         0  stubs.o ABSOLUTE
    _printf_longlong_dec                     0x00000000   Number         0  stubs.o ABSOLUTE
    _printf_longlong_hex                     0x00000000   Number         0  stubs.o ABSOLUTE
    _printf_longlong_oct                     0x00000000   Number         0  stubs.o ABSOLUTE
    _printf_ls                               0x00000000   Number         0  stubs.o ABSOLUTE
    _printf_mbtowc                           0x00000000   Number         0  stubs.o ABSOLUTE
    _printf_n                                0x00000000   Number         0  stubs.o ABSOLUTE
    _printf_o                                0x00000000   Number         0  stubs.o ABSOLUTE
    _printf_p                                0x00000000   Number         0  stubs.o ABSOLUTE
    _printf_percent                          0x00000000   Number         0  stubs.o ABSOLUTE
    _printf_pre_padding                      0x00000000   Number         0  stubs.o ABSOLUTE
    _printf_return_value                     0x00000000   Number         0  stubs.o ABSOLUTE
    _printf_s                                0x00000000   Number         0  stubs.o ABSOLUTE
    _printf_sizespec                         0x00000000   Number         0  stubs.o ABSOLUTE
    _printf_str                              0x00000000   Number         0  stubs.o ABSOLUTE
    _printf_truncate_signed                  0x00000000   Number         0  stubs.o ABSOLUTE
    _printf_truncate_unsigned                0x00000000   Number         0  stubs.o ABSOLUTE
    _printf_u                                0x00000000   Number         0  stubs.o ABSOLUTE
    _printf_wc                               0x00000000   Number         0  stubs.o ABSOLUTE
    _printf_wctomb                           0x00000000   Number         0  stubs.o ABSOLUTE
    _printf_widthprec                        0x00000000   Number         0  stubs.o ABSOLUTE
    _printf_x                                0x00000000   Number         0  stubs.o ABSOLUTE
    __arm_fini_                               - Undefined Weak Reference
    __cpp_initialize__aeabi_                  - Undefined Weak Reference
    __cxa_finalize                            - Undefined Weak Reference
    _clock_init                               - Undefined Weak Reference
    _microlib_exit                            - Undefined Weak Reference
    __Vectors_Size                           0x00000130   Number         0  startup_stm32f103xe.o ABSOLUTE
    __Vectors                                0x08000000   Data           4  startup_stm32f103xe.o(RESET)
    __Vectors_End                            0x08000130   Data           0  startup_stm32f103xe.o(RESET)
    __main                                   0x08000131   Thumb Code     0  entry.o(.ARM.Collect$$$$00000000)
    _main_stk                                0x08000131   Thumb Code     0  entry2.o(.ARM.Collect$$$$00000001)
    _main_scatterload                        0x08000135   Thumb Code     0  entry5.o(.ARM.Collect$$$$00000004)
    __main_after_scatterload                 0x08000139   Thumb Code     0  entry5.o(.ARM.Collect$$$$00000004)
    _main_clock                              0x08000139   Thumb Code     0  entry7b.o(.ARM.Collect$$$$00000008)
    _main_cpp_init                           0x08000139   Thumb Code     0  entry8b.o(.ARM.Collect$$$$0000000A)
    _main_init                               0x08000139   Thumb Code     0  entry9a.o(.ARM.Collect$$$$0000000B)
    __rt_lib_shutdown_fini                   0x08000141   Thumb Code     0  entry12b.o(.ARM.Collect$$$$0000000E)
    __rt_final_cpp                           0x08000145   Thumb Code     0  entry10a.o(.ARM.Collect$$$$0000000F)
    __rt_final_exit                          0x08000145   Thumb Code     0  entry11a.o(.ARM.Collect$$$$00000011)
    __asm___5_iap_c_5e0d21c3__the_entry      0x08000149   Thumb Code    24  iap.o(.emb_text)
    SVC_Handler                              0x08000161   Thumb Code    32  port.o(.emb_text)
    __asm___6_port_c_39a90d8d__prvStartFirstTask 0x08000185   Thumb Code    28  port.o(.emb_text)
    PendSV_Handler                           0x080001a5   Thumb Code    72  port.o(.emb_text)
    vPortGetIPSR                             0x080001f1   Thumb Code     6  port.o(.emb_text)
    Reset_Handler                            0x080001f9   Thumb Code     8  startup_stm32f103xe.o(.text)
    ADC1_2_IRQHandler                        0x08000213   Thumb Code     0  startup_stm32f103xe.o(.text)
    ADC3_IRQHandler                          0x08000213   Thumb Code     0  startup_stm32f103xe.o(.text)
    CAN1_RX1_IRQHandler                      0x08000213   Thumb Code     0  startup_stm32f103xe.o(.text)
    CAN1_SCE_IRQHandler                      0x08000213   Thumb Code     0  startup_stm32f103xe.o(.text)
    DMA1_Channel1_IRQHandler                 0x08000213   Thumb Code     0  startup_stm32f103xe.o(.text)
    DMA1_Channel2_IRQHandler                 0x08000213   Thumb Code     0  startup_stm32f103xe.o(.text)
    DMA1_Channel3_IRQHandler                 0x08000213   Thumb Code     0  startup_stm32f103xe.o(.text)
    DMA1_Channel6_IRQHandler                 0x08000213   Thumb Code     0  startup_stm32f103xe.o(.text)
    DMA1_Channel7_IRQHandler                 0x08000213   Thumb Code     0  startup_stm32f103xe.o(.text)
    DMA2_Channel1_IRQHandler                 0x08000213   Thumb Code     0  startup_stm32f103xe.o(.text)
    DMA2_Channel2_IRQHandler                 0x08000213   Thumb Code     0  startup_stm32f103xe.o(.text)
    EXTI0_IRQHandler                         0x08000213   Thumb Code     0  startup_stm32f103xe.o(.text)
    EXTI15_10_IRQHandler                     0x08000213   Thumb Code     0  startup_stm32f103xe.o(.text)
    EXTI1_IRQHandler                         0x08000213   Thumb Code     0  startup_stm32f103xe.o(.text)
    EXTI2_IRQHandler                         0x08000213   Thumb Code     0  startup_stm32f103xe.o(.text)
    EXTI3_IRQHandler                         0x08000213   Thumb Code     0  startup_stm32f103xe.o(.text)
    EXTI4_IRQHandler                         0x08000213   Thumb Code     0  startup_stm32f103xe.o(.text)
    EXTI9_5_IRQHandler                       0x08000213   Thumb Code     0  startup_stm32f103xe.o(.text)
    FLASH_IRQHandler                         0x08000213   Thumb Code     0  startup_stm32f103xe.o(.text)
    FSMC_IRQHandler                          0x08000213   Thumb Code     0  startup_stm32f103xe.o(.text)
    I2C1_ER_IRQHandler                       0x08000213   Thumb Code     0  startup_stm32f103xe.o(.text)
    I2C1_EV_IRQHandler                       0x08000213   Thumb Code     0  startup_stm32f103xe.o(.text)
    I2C2_ER_IRQHandler                       0x08000213   Thumb Code     0  startup_stm32f103xe.o(.text)
    I2C2_EV_IRQHandler                       0x08000213   Thumb Code     0  startup_stm32f103xe.o(.text)
    PVD_IRQHandler                           0x08000213   Thumb Code     0  startup_stm32f103xe.o(.text)
    RCC_IRQHandler                           0x08000213   Thumb Code     0  startup_stm32f103xe.o(.text)
    RTC_Alarm_IRQHandler                     0x08000213   Thumb Code     0  startup_stm32f103xe.o(.text)
    RTC_IRQHandler                           0x08000213   Thumb Code     0  startup_stm32f103xe.o(.text)
    SDIO_IRQHandler                          0x08000213   Thumb Code     0  startup_stm32f103xe.o(.text)
    SPI1_IRQHandler                          0x08000213   Thumb Code     0  startup_stm32f103xe.o(.text)
    SPI2_IRQHandler                          0x08000213   Thumb Code     0  startup_stm32f103xe.o(.text)
    SPI3_IRQHandler                          0x08000213   Thumb Code     0  startup_stm32f103xe.o(.text)
    TAMPER_IRQHandler                        0x08000213   Thumb Code     0  startup_stm32f103xe.o(.text)
    TIM1_BRK_IRQHandler                      0x08000213   Thumb Code     0  startup_stm32f103xe.o(.text)
    TIM1_CC_IRQHandler                       0x08000213   Thumb Code     0  startup_stm32f103xe.o(.text)
    TIM1_TRG_COM_IRQHandler                  0x08000213   Thumb Code     0  startup_stm32f103xe.o(.text)
    TIM2_IRQHandler                          0x08000213   Thumb Code     0  startup_stm32f103xe.o(.text)
    TIM3_IRQHandler                          0x08000213   Thumb Code     0  startup_stm32f103xe.o(.text)
    TIM4_IRQHandler                          0x08000213   Thumb Code     0  startup_stm32f103xe.o(.text)
    TIM5_IRQHandler                          0x08000213   Thumb Code     0  startup_stm32f103xe.o(.text)
    TIM6_IRQHandler                          0x08000213   Thumb Code     0  startup_stm32f103xe.o(.text)
    TIM7_IRQHandler                          0x08000213   Thumb Code     0  startup_stm32f103xe.o(.text)
    TIM8_BRK_IRQHandler                      0x08000213   Thumb Code     0  startup_stm32f103xe.o(.text)
    TIM8_CC_IRQHandler                       0x08000213   Thumb Code     0  startup_stm32f103xe.o(.text)
    TIM8_TRG_COM_IRQHandler                  0x08000213   Thumb Code     0  startup_stm32f103xe.o(.text)
    TIM8_UP_IRQHandler                       0x08000213   Thumb Code     0  startup_stm32f103xe.o(.text)
    UART4_IRQHandler                         0x08000213   Thumb Code     0  startup_stm32f103xe.o(.text)
    UART5_IRQHandler                         0x08000213   Thumb Code     0  startup_stm32f103xe.o(.text)
    USART2_IRQHandler                        0x08000213   Thumb Code     0  startup_stm32f103xe.o(.text)
    USART3_IRQHandler                        0x08000213   Thumb Code     0  startup_stm32f103xe.o(.text)
    USBWakeUp_IRQHandler                     0x08000213   Thumb Code     0  startup_stm32f103xe.o(.text)
    USB_HP_CAN1_TX_IRQHandler                0x08000213   Thumb Code     0  startup_stm32f103xe.o(.text)
    WWDG_IRQHandler                          0x08000213   Thumb Code     0  startup_stm32f103xe.o(.text)
    __aeabi_llsr                             0x0800021d   Thumb Code    32  llushr.o(.text)
    _ll_ushift_r                             0x0800021d   Thumb Code     0  llushr.o(.text)
    __aeabi_memcpy                           0x0800023d   Thumb Code    36  memcpya.o(.text)
    __aeabi_memcpy4                          0x0800023d   Thumb Code     0  memcpya.o(.text)
    __aeabi_memcpy8                          0x0800023d   Thumb Code     0  memcpya.o(.text)
    __aeabi_memset                           0x08000261   Thumb Code    14  memseta.o(.text)
    __aeabi_memset4                          0x08000261   Thumb Code     0  memseta.o(.text)
    __aeabi_memset8                          0x08000261   Thumb Code     0  memseta.o(.text)
    __aeabi_memclr                           0x0800026f   Thumb Code     4  memseta.o(.text)
    __aeabi_memclr4                          0x0800026f   Thumb Code     0  memseta.o(.text)
    __aeabi_memclr8                          0x0800026f   Thumb Code     0  memseta.o(.text)
    _memset$wrapper                          0x08000273   Thumb Code    18  memseta.o(.text)
    __aeabi_uldivmod                         0x08000285   Thumb Code    98  uldiv.o(.text)
    __scatterload                            0x080002e9   Thumb Code    28  init.o(.text)
    __scatterload_rt2                        0x080002e9   Thumb Code     0  init.o(.text)
    __aeabi_llsl                             0x0800030d   Thumb Code    30  llshl.o(.text)
    _ll_shift_l                              0x0800030d   Thumb Code     0  llshl.o(.text)
    __decompress                             0x0800032b   Thumb Code     0  __dczerorl2.o(.text)
    __decompress1                            0x0800032b   Thumb Code    86  __dczerorl2.o(.text)
    BusFault_Handler                         0x08000381   Thumb Code     2  stm32f1xx_it.o(i.BusFault_Handler)
    CDC_Transmit_FS                          0x080003d1   Thumb Code    38  usbd_cdc_if.o(i.CDC_Transmit_FS)
    DebugMon_Handler                         0x080003fd   Thumb Code     2  stm32f1xx_it.o(i.DebugMon_Handler)
    Error_Handler                            0x080003ff   Thumb Code     2  main.o(i.Error_Handler)
    firmware_magic_number_address            0x08000400   Data           4  iap.o(.ARM.__AT_0x08000400)
    CPUHeartBeatInit                         0x080005ad   Thumb Code    26  delay_cpu_clk.o(i.CPUHeartBeatInit)
    ConfigTraceSWO                           0x080005d1   Thumb Code    22  printf_reloc.o(i.ConfigTraceSWO)
    DMA1_Channel4_IRQHandler                 0x080005f9   Thumb Code     6  stm32f1xx_it.o(i.DMA1_Channel4_IRQHandler)
    DMA1_Channel5_IRQHandler                 0x08000605   Thumb Code     6  stm32f1xx_it.o(i.DMA1_Channel5_IRQHandler)
    DMA2_Channel3_IRQHandler                 0x08000611   Thumb Code     6  stm32f1xx_it.o(i.DMA2_Channel3_IRQHandler)
    DMA2_Channel4_5_IRQHandler               0x0800061d   Thumb Code     6  stm32f1xx_it.o(i.DMA2_Channel4_5_IRQHandler)
    Delay_Clk                                0x08000629   Thumb Code    14  delay_cpu_clk.o(i.Delay_Clk)
    FLASH_PageErase                          0x08000661   Thumb Code    28  stm32f1xx_hal_flash_ex.o(i.FLASH_PageErase)
    FLASH_WaitForLastOperation               0x080006fd   Thumb Code    80  stm32f1xx_hal_flash.o(i.FLASH_WaitForLastOperation)
    HAL_DMA_IRQHandler                       0x08000751   Thumb Code   552  stm32f1xx_hal_dma.o(i.HAL_DMA_IRQHandler)
    HAL_FLASHEx_Erase                        0x08000999   Thumb Code   168  stm32f1xx_hal_flash_ex.o(i.HAL_FLASHEx_Erase)
    HAL_FLASH_Program                        0x08000a7d   Thumb Code   122  stm32f1xx_hal_flash.o(i.HAL_FLASH_Program)
    HAL_FLASH_Unlock                         0x08000b01   Thumb Code    28  stm32f1xx_hal_flash.o(i.HAL_FLASH_Unlock)
    HAL_GPIO_Init                            0x08000b29   Thumb Code   450  stm32f1xx_hal_gpio.o(i.HAL_GPIO_Init)
    HAL_GetTick                              0x08000d15   Thumb Code     6  stm32f1xx_hal.o(i.HAL_GetTick)
    HAL_IncTick                              0x08000d21   Thumb Code    12  stm32f1xx_hal.o(i.HAL_IncTick)
    HAL_Init                                 0x08000d31   Thumb Code    32  stm32f1xx_hal.o(i.HAL_Init)
    HAL_InitTick                             0x08000d55   Thumb Code    98  stm32f1xx_hal_timebase_tim.o(i.HAL_InitTick)
    HAL_MspInit                              0x08000dc9   Thumb Code   118  stm32f1xx_hal_msp.o(i.HAL_MspInit)
    HAL_NVIC_ClearPendingIRQ                 0x08000e49   Thumb Code    22  stm32f1xx_hal_cortex.o(i.HAL_NVIC_ClearPendingIRQ)
    HAL_NVIC_EnableIRQ                       0x08000e5f   Thumb Code    22  stm32f1xx_hal_cortex.o(i.HAL_NVIC_EnableIRQ)
    HAL_NVIC_SetPriority                     0x08000e75   Thumb Code    60  stm32f1xx_hal_cortex.o(i.HAL_NVIC_SetPriority)
    HAL_NVIC_SetPriorityGrouping             0x08000eb5   Thumb Code    26  stm32f1xx_hal_cortex.o(i.HAL_NVIC_SetPriorityGrouping)
    HAL_PCDEx_PMAConfig                      0x08000ed9   Thumb Code    52  stm32f1xx_hal_pcd_ex.o(i.HAL_PCDEx_PMAConfig)
    HAL_PCDEx_SetConnectionState             0x08000f0d   Thumb Code     2  usbd_conf.o(i.HAL_PCDEx_SetConnectionState)
    HAL_PCD_DataInStageCallback              0x08000f0f   Thumb Code    14  usbd_conf.o(i.HAL_PCD_DataInStageCallback)
    HAL_PCD_DataOutStageCallback             0x08000f1d   Thumb Code    16  usbd_conf.o(i.HAL_PCD_DataOutStageCallback)
    HAL_PCD_EP_Close                         0x08000f2d   Thumb Code    64  stm32f1xx_hal_pcd.o(i.HAL_PCD_EP_Close)
    HAL_PCD_EP_ClrStall                      0x08000f6d   Thumb Code    72  stm32f1xx_hal_pcd.o(i.HAL_PCD_EP_ClrStall)
    HAL_PCD_EP_GetRxCount                    0x08000fb5   Thumb Code    16  stm32f1xx_hal_pcd.o(i.HAL_PCD_EP_GetRxCount)
    HAL_PCD_EP_Open                          0x08000fc5   Thumb Code    68  stm32f1xx_hal_pcd.o(i.HAL_PCD_EP_Open)
    HAL_PCD_EP_Receive                       0x08001009   Thumb Code    46  stm32f1xx_hal_pcd.o(i.HAL_PCD_EP_Receive)
    HAL_PCD_EP_SetStall                      0x08001037   Thumb Code    86  stm32f1xx_hal_pcd.o(i.HAL_PCD_EP_SetStall)
    HAL_PCD_EP_Transmit                      0x0800108d   Thumb Code    42  stm32f1xx_hal_pcd.o(i.HAL_PCD_EP_Transmit)
    HAL_PCD_IRQHandler                       0x080010b7   Thumb Code   268  stm32f1xx_hal_pcd.o(i.HAL_PCD_IRQHandler)
    HAL_PCD_Init                             0x080011c3   Thumb Code   188  stm32f1xx_hal_pcd.o(i.HAL_PCD_Init)
    HAL_PCD_MspInit                          0x08001281   Thumb Code    50  usbd_conf.o(i.HAL_PCD_MspInit)
    HAL_PCD_ResetCallback                    0x080012bd   Thumb Code    26  usbd_conf.o(i.HAL_PCD_ResetCallback)
    HAL_PCD_ResumeCallback                   0x080012d7   Thumb Code     8  usbd_conf.o(i.HAL_PCD_ResumeCallback)
    HAL_PCD_SOFCallback                      0x080012df   Thumb Code     8  usbd_conf.o(i.HAL_PCD_SOFCallback)
    HAL_PCD_SetAddress                       0x080012e7   Thumb Code    40  stm32f1xx_hal_pcd.o(i.HAL_PCD_SetAddress)
    HAL_PCD_SetupStageCallback               0x0800130f   Thumb Code    14  usbd_conf.o(i.HAL_PCD_SetupStageCallback)
    HAL_PCD_Start                            0x0800131d   Thumb Code    50  stm32f1xx_hal_pcd.o(i.HAL_PCD_Start)
    HAL_PCD_SuspendCallback                  0x08001351   Thumb Code    30  usbd_conf.o(i.HAL_PCD_SuspendCallback)
    HAL_RCCEx_PeriphCLKConfig                0x08001375   Thumb Code   220  stm32f1xx_hal_rcc_ex.o(i.HAL_RCCEx_PeriphCLKConfig)
    HAL_RCC_ClockConfig                      0x0800145d   Thumb Code   342  stm32f1xx_hal_rcc.o(i.HAL_RCC_ClockConfig)
    HAL_RCC_DeInit                           0x080015c5   Thumb Code   196  stm32f1xx_hal_rcc.o(i.HAL_RCC_DeInit)
    HAL_RCC_GetClockConfig                   0x08001695   Thumb Code    54  stm32f1xx_hal_rcc.o(i.HAL_RCC_GetClockConfig)
    HAL_RCC_GetPCLK2Freq                     0x080016d5   Thumb Code    20  stm32f1xx_hal_rcc.o(i.HAL_RCC_GetPCLK2Freq)
    HAL_RCC_GetSysClockFreq                  0x080016f5   Thumb Code    80  stm32f1xx_hal_rcc.o(i.HAL_RCC_GetSysClockFreq)
    HAL_RCC_OscConfig                        0x08001769   Thumb Code   740  stm32f1xx_hal_rcc.o(i.HAL_RCC_OscConfig)
    HAL_TIMEx_BreakCallback                  0x08001a61   Thumb Code     2  stm32f1xx_hal_tim_ex.o(i.HAL_TIMEx_BreakCallback)
    HAL_TIMEx_CommutationCallback            0x08001a63   Thumb Code     2  stm32f1xx_hal_tim_ex.o(i.HAL_TIMEx_CommutationCallback)
    HAL_TIM_Base_Init                        0x08001a65   Thumb Code    54  stm32f1xx_hal_tim.o(i.HAL_TIM_Base_Init)
    HAL_TIM_Base_MspInit                     0x08001a9b   Thumb Code     2  stm32f1xx_hal_tim.o(i.HAL_TIM_Base_MspInit)
    HAL_TIM_Base_Start_IT                    0x08001a9d   Thumb Code    24  stm32f1xx_hal_tim.o(i.HAL_TIM_Base_Start_IT)
    HAL_TIM_IC_CaptureCallback               0x08001ab5   Thumb Code     2  stm32f1xx_hal_tim.o(i.HAL_TIM_IC_CaptureCallback)
    HAL_TIM_IRQHandler                       0x08001ab7   Thumb Code   358  stm32f1xx_hal_tim.o(i.HAL_TIM_IRQHandler)
    HAL_TIM_OC_DelayElapsedCallback          0x08001c1d   Thumb Code     2  stm32f1xx_hal_tim.o(i.HAL_TIM_OC_DelayElapsedCallback)
    HAL_TIM_PWM_PulseFinishedCallback        0x08001c1f   Thumb Code     2  stm32f1xx_hal_tim.o(i.HAL_TIM_PWM_PulseFinishedCallback)
    HAL_TIM_PeriodElapsedCallback            0x08001c21   Thumb Code    24  main.o(i.HAL_TIM_PeriodElapsedCallback)
    HAL_TIM_TriggerCallback                  0x08001c3d   Thumb Code     2  stm32f1xx_hal_tim.o(i.HAL_TIM_TriggerCallback)
    HardFault_Handler                        0x08001c3f   Thumb Code     2  stm32f1xx_it.o(i.HardFault_Handler)
    MB_USART1_IrqHandler                     0x08001c41   Thumb Code     4  port_serial.o(i.MB_USART1_IrqHandler)
    MX_USB_DEVICE_Init                       0x08001ec5   Thumb Code    38  usb_device.o(i.MX_USB_DEVICE_Init)
    MemManage_Handler                        0x08001efd   Thumb Code     2  stm32f1xx_it.o(i.MemManage_Handler)
    NMI_Handler                              0x08001eff   Thumb Code     2  stm32f1xx_it.o(i.NMI_Handler)
    SysTick_Handler                          0x08002269   Thumb Code    38  port.o(i.SysTick_Handler)
    SystemClock_Config                       0x08002295   Thumb Code    96  main.o(i.SystemClock_Config)
    SystemInit                               0x080022f5   Thumb Code    56  system_stm32f1xx.o(i.SystemInit)
    TCX_IRQHANDLER                           0x0800233d   Thumb Code    32  port_timer.o(i.TCX_IRQHANDLER)
    TIM1_UP_IRQHandler                       0x08002365   Thumb Code     6  stm32f1xx_it.o(i.TIM1_UP_IRQHandler)
    TIM_Base_SetConfig                       0x08002371   Thumb Code   120  stm32f1xx_hal_tim.o(i.TIM_Base_SetConfig)
    USART1_IRQHandler                        0x080023fd   Thumb Code     4  stm32f1xx_it.o(i.USART1_IRQHandler)
    USBD_CDC_GetDeviceQualifierDescriptor    0x080024a5   Thumb Code     8  usbd_cdc.o(i.USBD_CDC_GetDeviceQualifierDescriptor)
    USBD_CDC_ReceivePacket                   0x0800255d   Thumb Code    40  usbd_cdc.o(i.USBD_CDC_ReceivePacket)
    USBD_CDC_RegisterInterface               0x08002585   Thumb Code    16  usbd_cdc.o(i.USBD_CDC_RegisterInterface)
    USBD_CDC_SetRxBuffer                     0x08002595   Thumb Code    12  usbd_cdc.o(i.USBD_CDC_SetRxBuffer)
    USBD_CDC_SetTxBuffer                     0x080025a1   Thumb Code    16  usbd_cdc.o(i.USBD_CDC_SetTxBuffer)
    USBD_CDC_TransmitPacket                  0x08002621   Thumb Code    48  usbd_cdc.o(i.USBD_CDC_TransmitPacket)
    USBD_ClrClassConfig                      0x08002651   Thumb Code    14  usbd_core.o(i.USBD_ClrClassConfig)
    USBD_CtlContinueRx                       0x0800265f   Thumb Code    16  usbd_ioreq.o(i.USBD_CtlContinueRx)
    USBD_CtlContinueSendData                 0x0800266f   Thumb Code    16  usbd_ioreq.o(i.USBD_CtlContinueSendData)
    USBD_CtlError                            0x0800267f   Thumb Code    22  usbd_ctlreq.o(i.USBD_CtlError)
    USBD_CtlPrepareRx                        0x08002695   Thumb Code    30  usbd_ioreq.o(i.USBD_CtlPrepareRx)
    USBD_CtlReceiveStatus                    0x080026b3   Thumb Code    22  usbd_ioreq.o(i.USBD_CtlReceiveStatus)
    USBD_CtlSendData                         0x080026c9   Thumb Code    26  usbd_ioreq.o(i.USBD_CtlSendData)
    USBD_CtlSendStatus                       0x080026e3   Thumb Code    22  usbd_ioreq.o(i.USBD_CtlSendStatus)
    USBD_FS_ConfigStrDescriptor              0x080026f9   Thumb Code    16  usbd_desc.o(i.USBD_FS_ConfigStrDescriptor)
    USBD_FS_DeviceDescriptor                 0x08002719   Thumb Code     8  usbd_desc.o(i.USBD_FS_DeviceDescriptor)
    USBD_FS_InterfaceStrDescriptor           0x08002725   Thumb Code    16  usbd_desc.o(i.USBD_FS_InterfaceStrDescriptor)
    USBD_FS_LangIDStrDescriptor              0x08002749   Thumb Code     8  usbd_desc.o(i.USBD_FS_LangIDStrDescriptor)
    USBD_FS_ManufacturerStrDescriptor        0x08002755   Thumb Code    16  usbd_desc.o(i.USBD_FS_ManufacturerStrDescriptor)
    USBD_FS_ProductStrDescriptor             0x0800277d   Thumb Code    16  usbd_desc.o(i.USBD_FS_ProductStrDescriptor)
    USBD_FS_SerialStrDescriptor              0x080027a9   Thumb Code    16  usbd_desc.o(i.USBD_FS_SerialStrDescriptor)
    USBD_GetString                           0x080028ad   Thumb Code    70  usbd_ctlreq.o(i.USBD_GetString)
    USBD_Init                                0x080028f5   Thumb Code    60  usbd_core.o(i.USBD_Init)
    USBD_LL_ClearStallEP                     0x08002955   Thumb Code    32  usbd_conf.o(i.USBD_LL_ClearStallEP)
    USBD_LL_CloseEP                          0x08002975   Thumb Code    32  usbd_conf.o(i.USBD_LL_CloseEP)
    USBD_LL_DataInStage                      0x08002995   Thumb Code   170  usbd_core.o(i.USBD_LL_DataInStage)
    USBD_LL_DataOutStage                     0x08002a3f   Thumb Code   106  usbd_core.o(i.USBD_LL_DataOutStage)
    USBD_LL_GetRxDataSize                    0x08002aa9   Thumb Code     8  usbd_conf.o(i.USBD_LL_GetRxDataSize)
    USBD_LL_Init                             0x08002ab1   Thumb Code   122  usbd_conf.o(i.USBD_LL_Init)
    USBD_LL_IsStallEP                        0x08002b35   Thumb Code    28  usbd_conf.o(i.USBD_LL_IsStallEP)
    USBD_LL_OpenEP                           0x08002b51   Thumb Code    38  usbd_conf.o(i.USBD_LL_OpenEP)
    USBD_LL_PrepareReceive                   0x08002b77   Thumb Code    32  usbd_conf.o(i.USBD_LL_PrepareReceive)
    USBD_LL_Reset                            0x08002b97   Thumb Code    62  usbd_core.o(i.USBD_LL_Reset)
    USBD_LL_Resume                           0x08002bd5   Thumb Code    12  usbd_core.o(i.USBD_LL_Resume)
    USBD_LL_SOF                              0x08002be1   Thumb Code    24  usbd_core.o(i.USBD_LL_SOF)
    USBD_LL_SetSpeed                         0x08002bf9   Thumb Code     6  usbd_core.o(i.USBD_LL_SetSpeed)
    USBD_LL_SetUSBAddress                    0x08002bff   Thumb Code    32  usbd_conf.o(i.USBD_LL_SetUSBAddress)
    USBD_LL_SetupStage                       0x08002c1f   Thumb Code    90  usbd_core.o(i.USBD_LL_SetupStage)
    USBD_LL_StallEP                          0x08002c79   Thumb Code    32  usbd_conf.o(i.USBD_LL_StallEP)
    USBD_LL_Start                            0x08002c99   Thumb Code    32  usbd_conf.o(i.USBD_LL_Start)
    USBD_LL_Suspend                          0x08002cb9   Thumb Code    18  usbd_core.o(i.USBD_LL_Suspend)
    USBD_LL_Transmit                         0x08002ccb   Thumb Code    32  usbd_conf.o(i.USBD_LL_Transmit)
    USBD_ParseSetupRequest                   0x08002ceb   Thumb Code    40  usbd_ctlreq.o(i.USBD_ParseSetupRequest)
    USBD_RegisterClass                       0x08002d15   Thumb Code    36  usbd_core.o(i.USBD_RegisterClass)
    USBD_SetClassConfig                      0x08002d5d   Thumb Code    22  usbd_core.o(i.USBD_SetClassConfig)
    USBD_Start                               0x08002de9   Thumb Code    10  usbd_core.o(i.USBD_Start)
    USBD_StdDevReq                           0x08002df3   Thumb Code   242  usbd_ctlreq.o(i.USBD_StdDevReq)
    USBD_StdEPReq                            0x08002ee5   Thumb Code   220  usbd_ctlreq.o(i.USBD_StdEPReq)
    USBD_StdItfReq                           0x08002fc1   Thumb Code    52  usbd_ctlreq.o(i.USBD_StdItfReq)
    USBD_static_free                         0x08002ff5   Thumb Code     2  usbd_conf.o(i.USBD_static_free)
    USBD_static_malloc                       0x08002ff9   Thumb Code     4  usbd_conf.o(i.USBD_static_malloc)
    USB_ActivateEndpoint                     0x08003001   Thumb Code   594  stm32f1xx_ll_usb.o(i.USB_ActivateEndpoint)
    USB_CoreInit                             0x08003253   Thumb Code     4  stm32f1xx_ll_usb.o(i.USB_CoreInit)
    USB_DeactivateEndpoint                   0x08003257   Thumb Code   272  stm32f1xx_ll_usb.o(i.USB_DeactivateEndpoint)
    USB_DevConnect                           0x08003367   Thumb Code     4  stm32f1xx_ll_usb.o(i.USB_DevConnect)
    USB_DevDisconnect                        0x0800336b   Thumb Code     4  stm32f1xx_ll_usb.o(i.USB_DevDisconnect)
    USB_DevInit                              0x0800336f   Thumb Code    30  stm32f1xx_ll_usb.o(i.USB_DevInit)
    USB_DisableGlobalInt                     0x0800338d   Thumb Code    14  stm32f1xx_ll_usb.o(i.USB_DisableGlobalInt)
    USB_EP0_OutStart                         0x0800339b   Thumb Code     4  stm32f1xx_ll_usb.o(i.USB_EP0_OutStart)
    USB_EPClearStall                         0x0800339f   Thumb Code   106  stm32f1xx_ll_usb.o(i.USB_EPClearStall)
    USB_EPSetStall                           0x08003409   Thumb Code    74  stm32f1xx_ll_usb.o(i.USB_EPSetStall)
    USB_EPStartXfer                          0x08003453   Thumb Code   422  stm32f1xx_ll_usb.o(i.USB_EPStartXfer)
    USB_EnableGlobalInt                      0x080035f9   Thumb Code    14  stm32f1xx_ll_usb.o(i.USB_EnableGlobalInt)
    USB_LP_CAN1_RX0_IRQHandler               0x08003609   Thumb Code     6  stm32f1xx_it.o(i.USB_LP_CAN1_RX0_IRQHandler)
    USB_ReadInterrupts                       0x08003615   Thumb Code     6  stm32f1xx_ll_usb.o(i.USB_ReadInterrupts)
    USB_ReadPMA                              0x0800361b   Thumb Code    28  stm32f1xx_ll_usb.o(i.USB_ReadPMA)
    USB_SetCurrentMode                       0x08003637   Thumb Code     4  stm32f1xx_ll_usb.o(i.USB_SetCurrentMode)
    USB_SetDevAddress                        0x0800363b   Thumb Code    12  stm32f1xx_ll_usb.o(i.USB_SetDevAddress)
    USB_WritePMA                             0x08003647   Thumb Code    38  stm32f1xx_ll_usb.o(i.USB_WritePMA)
    UsageFault_Handler                       0x0800366d   Thumb Code     2  stm32f1xx_it.o(i.UsageFault_Handler)
    __0printf$8                              0x08003671   Thumb Code    22  printf8.o(i.__0printf$8)
    __1printf$8                              0x08003671   Thumb Code     0  printf8.o(i.__0printf$8)
    __2printf                                0x08003671   Thumb Code     0  printf8.o(i.__0printf$8)
    __scatterload_copy                       0x08003691   Thumb Code    14  handlers.o(i.__scatterload_copy)
    __scatterload_null                       0x0800369f   Thumb Code     2  handlers.o(i.__scatterload_null)
    __scatterload_zeroinit                   0x080036a1   Thumb Code    14  handlers.o(i.__scatterload_zeroinit)
    copy_fu_info_to_usb_tx                   0x08003b41   Thumb Code    66  iap.o(i.copy_fu_info_to_usb_tx)
    copy_received_msg                        0x08003b8d   Thumb Code    38  iap.o(i.copy_received_msg)
    eMBEnable                                0x08003bfd   Thumb Code    28  mb.o(i.eMBEnable)
    eMBFuncReadHoldingRegister               0x08003c1d   Thumb Code    90  mbfuncholding.o(i.eMBFuncReadHoldingRegister)
    eMBFuncReadWriteMultipleHoldingRegister  0x08003c77   Thumb Code   156  mbfuncholding.o(i.eMBFuncReadWriteMultipleHoldingRegister)
    eMBFuncWriteHoldingRegister              0x08003d13   Thumb Code    50  mbfuncholding.o(i.eMBFuncWriteHoldingRegister)
    eMBFuncWriteMultipleHoldingRegister      0x08003d45   Thumb Code    74  mbfuncholding.o(i.eMBFuncWriteMultipleHoldingRegister)
    eMBInit                                  0x08003d91   Thumb Code    96  mb.o(i.eMBInit)
    eMBPoll                                  0x08003e11   Thumb Code   184  mb.o(i.eMBPoll)
    eMBRTUInit                               0x08003ed1   Thumb Code    76  mbrtu.o(i.eMBRTUInit)
    eMBRTUReceive                            0x08003f21   Thumb Code    80  mbrtu.o(i.eMBRTUReceive)
    eMBRTUSend                               0x08003f79   Thumb Code   122  mbrtu.o(i.eMBRTUSend)
    eMBRTUStart                              0x08003ffd   Thumb Code    40  mbrtu.o(i.eMBRTUStart)
    eMBRTUStop                               0x08004029   Thumb Code    36  mbrtu.o(i.eMBRTUStop)
    eMBRegHoldingCB                          0x0800404d   Thumb Code    18  modbus_iot.o(i.eMBRegHoldingCB)
    fputc                                    0x08004071   Thumb Code    36  printf_reloc.o(i.fputc)
    hnnce_Upgrade_Handler                    0x08004099   Thumb Code    40  hnnce.o(i.hnnce_Upgrade_Handler)
    hnnce_recevice                           0x080040c5   Thumb Code    10  mbrtu.o(i.hnnce_recevice)
    hnnce_recv                               0x080040d9   Thumb Code    38  mb.o(i.hnnce_recv)
    hnnce_upgrade_data_frame_verify          0x08004105   Thumb Code   250  hnnce.o(i.hnnce_upgrade_data_frame_verify)
    hnnce_upgrade_ready_and_check            0x08004209   Thumb Code    76  hnnce.o(i.hnnce_upgrade_ready_and_check)
    iap_process                              0x08004259   Thumb Code   586  iap.o(i.iap_process)
    jump_to_user_application_if              0x08004685   Thumb Code   112  iap.o(i.jump_to_user_application_if)
    main                                     0x0800476d   Thumb Code    80  main.o(i.main)
    mb_invoke_flash_upgrade                  0x080047d1   Thumb Code   102  modbus_iot.o(i.mb_invoke_flash_upgrade)
    memory_copy_value                        0x080048bd   Thumb Code    12  iap.o(i.memory_copy_value)
    osDelay                                  0x080048c9   Thumb Code    14  cmsis_os.o(i.osDelay)
    osKernelStart                            0x080048d7   Thumb Code    10  cmsis_os.o(i.osKernelStart)
    osThreadCreate                           0x080048e1   Thumb Code    84  cmsis_os.o(i.osThreadCreate)
    pack_msg_data                            0x08004935   Thumb Code   122  hnnce.o(i.pack_msg_data)
    prveMBError2Exception                    0x08004d55   Thumb Code    76  mbutils.o(i.prveMBError2Exception)
    pvPortMalloc                             0x08004da1   Thumb Code   210  heap_4.o(i.pvPortMalloc)
    pxPortInitialiseStack                    0x08004e79   Thumb Code    32  port.o(i.pxPortInitialiseStack)
    set_iap_protocol_modbus_rtu              0x08004ffd   Thumb Code     8  iap.o(i.set_iap_protocol_modbus_rtu)
    start_modbus_task                        0x08005009   Thumb Code   138  modbus_schedule.o(i.start_modbus_task)
    start_usb_task                           0x080050a9   Thumb Code    50  main.o(i.start_usb_task)
    time_correction                          0x08005121   Thumb Code    12  modbus_iot.o(i.time_correction)
    tx_msg_packed                            0x08005155   Thumb Code    70  iap.o(i.tx_msg_packed)
    usMBCRC16                                0x080051a9   Thumb Code    38  mbcrc.o(i.usMBCRC16)
    uxListRemove                             0x080051d5   Thumb Code    36  list.o(i.uxListRemove)
    vApplicationGetIdleTaskMemory            0x080051f9   Thumb Code    16  freertos.o(i.vApplicationGetIdleTaskMemory)
    vApplicationIdleHook                     0x0800520d   Thumb Code    10  main.o(i.vApplicationIdleHook)
    vListInitialise                          0x0800521d   Thumb Code    22  list.o(i.vListInitialise)
    vListInitialiseItem                      0x08005233   Thumb Code     6  list.o(i.vListInitialiseItem)
    vListInsert                              0x08005239   Thumb Code    48  list.o(i.vListInsert)
    vListInsertEnd                           0x08005269   Thumb Code    24  list.o(i.vListInsertEnd)
    vMBPortSerialEnable                      0x08005281   Thumb Code    22  port_serial.o(i.vMBPortSerialEnable)
    vMBPortSetWithinException                0x0800529d   Thumb Code     6  portother.o(i.vMBPortSetWithinException)
    vMBPortTimersDisable                     0x080052a9   Thumb Code    10  port_timer.o(i.vMBPortTimersDisable)
    vMBPortTimersEnable                      0x080052b9   Thumb Code    20  port_timer.o(i.vMBPortTimersEnable)
    vPortEnterCritical                       0x080052d1   Thumb Code    54  port.o(i.vPortEnterCritical)
    vPortExitCritical                        0x08005311   Thumb Code    34  port.o(i.vPortExitCritical)
    vPortFree                                0x08005339   Thumb Code    88  heap_4.o(i.vPortFree)
    vPortSetupTimerInterrupt                 0x08005395   Thumb Code    26  port.o(i.vPortSetupTimerInterrupt)
    vTaskDelay                               0x080053b5   Thumb Code    66  tasks.o(i.vTaskDelay)
    vTaskResume                              0x08005401   Thumb Code   112  tasks.o(i.vTaskResume)
    vTaskStartScheduler                      0x0800547d   Thumb Code    90  tasks.o(i.vTaskStartScheduler)
    vTaskSuspend                             0x080054e9   Thumb Code   162  tasks.o(i.vTaskSuspend)
    vTaskSuspendAll                          0x08005599   Thumb Code    10  tasks.o(i.vTaskSuspendAll)
    vTaskSwitchContext                       0x080055a9   Thumb Code    82  tasks.o(i.vTaskSwitchContext)
    vUSARTHandler                            0x08005605   Thumb Code   138  port_serial.o(i.vUSARTHandler)
    write_to_flash                           0x08005885   Thumb Code   106  iap.o(i.write_to_flash)
    xMBPortEventGet                          0x08005901   Thumb Code    24  portevent.o(i.xMBPortEventGet)
    xMBPortEventInit                         0x0800591d   Thumb Code     4  portevent.o(i.xMBPortEventInit)
    xMBPortEventPost                         0x08005921   Thumb Code    20  portevent.o(i.xMBPortEventPost)
    xMBPortSerialGetByte                     0x08005939   Thumb Code    10  port_serial.o(i.xMBPortSerialGetByte)
    xMBPortSerialInit                        0x08005949   Thumb Code   108  port_serial.o(i.xMBPortSerialInit)
    xMBPortSerialPutByte                     0x080059bd   Thumb Code     8  port_serial.o(i.xMBPortSerialPutByte)
    xMBPortTimersInit                        0x080059c9   Thumb Code     4  port_timer.o(i.xMBPortTimersInit)
    xMBRTUReceiveFSM                         0x080059cd   Thumb Code    92  mbrtu.o(i.xMBRTUReceiveFSM)
    xMBRTUTimerT35Expired                    0x08005a31   Thumb Code    34  mbrtu.o(i.xMBRTUTimerT35Expired)
    xMBRTUTransmitFSM                        0x08005a59   Thumb Code    76  mbrtu.o(i.xMBRTUTransmitFSM)
    xPortStartScheduler                      0x08005aa9   Thumb Code   108  port.o(i.xPortStartScheduler)
    xTaskCreate                              0x08005b21   Thumb Code    90  tasks.o(i.xTaskCreate)
    xTaskCreateStatic                        0x08005b7b   Thumb Code    86  tasks.o(i.xTaskCreateStatic)
    xTaskIncrementTick                       0x08005bd1   Thumb Code   192  tasks.o(i.xTaskIncrementTick)
    xTaskResumeAll                           0x08005c99   Thumb Code   182  tasks.o(i.xTaskResumeAll)
    machine_model                            0x08005d94   Data          40  modbus_data_iot.o(.constdata)
    mb_data_pool_iot                         0x08005dbc   Data        2140  modbus_data_iot.o(.constdata)
    MB_DATA_IOT_NUM                          0x08006618   Data           4  modbus_data_iot.o(.constdata)
    AHBPrescTable                            0x0800661c   Data          16  system_stm32f1xx.o(.constdata)
    APBPrescTable                            0x0800662c   Data           8  system_stm32f1xx.o(.constdata)
    Region$$Table$$Base                      0x080068dc   Number         0  anon$$obj.o(Region$$Table)
    Region$$Table$$Limit                     0x080068fc   Number         0  anon$$obj.o(Region$$Table)
    usb_taskHandle                           0x20000000   Data           4  main.o(.data)
    modbus_taskHandle                        0x20000004   Data           4  main.o(.data)
    flash_update_status                      0x20000008   Data           4  iap.o(.data)
    version_test                             0x2000000c   Data           4  iap.o(.data)
    ErrorSector                              0x20000010   Data           4  iap.o(.data)
    earse_application_image                  0x20000014   Data          16  iap.o(.data)
    fu_info                                  0x20000024   Data          60  iap.o(.data)
    machine_class                            0x20000068   Data           2  modbus_data_iot.o(.data)
    power_level                              0x2000006a   Data           2  modbus_data_iot.o(.data)
    machine_current_status                   0x2000006c   Data           2  modbus_data_iot.o(.data)
    machine_serial_number                    0x2000006e   Data          40  modbus_data_iot.o(.data)
    battery_healthy                          0x20000096   Data           2  modbus_data_iot.o(.data)
    arm_software_version                     0x20000098   Data           2  modbus_data_iot.o(.data)
    c2000_software_version                   0x2000009a   Data           2  modbus_data_iot.o(.data)
    modbus_task_delay_ms                     0x2000009c   Data           4  modbus_schedule.o(.data)
    FS_Desc                                  0x200000a0   Data          28  usbd_desc.o(.data)
    USBD_LangIDDesc                          0x200000bc   Data           4  usbd_desc.o(.data)
    USBD_FS_DeviceDesc                       0x200000c0   Data          18  usbd_desc.o(.data)
    USBD_Interface_fops_FS                   0x200000d4   Data          16  usbd_cdc_if.o(.data)
    uwTickFreq                               0x200000e4   Data           1  stm32f1xx_hal.o(.data)
    uwTickPrio                               0x200000e8   Data           4  stm32f1xx_hal.o(.data)
    uwTick                                   0x200000ec   Data           4  stm32f1xx_hal.o(.data)
    SystemCoreClock                          0x200000f0   Data           4  system_stm32f1xx.o(.data)
    pxCurrentTCB                             0x200000f4   Data           4  tasks.o(.data)
    USBD_CDC_CfgHSDesc                       0x20000168   Data          67  usbd_cdc.o(.data)
    USBD_CDC_CfgFSDesc                       0x200001ac   Data          67  usbd_cdc.o(.data)
    USBD_CDC_OtherSpeedCfgDesc               0x200001f0   Data          67  usbd_cdc.o(.data)
    USBD_CDC                                 0x20000234   Data          56  usbd_cdc.o(.data)
    pxMBFrameCBByteReceived                  0x2000028c   Data           4  mb.o(.data)
    pxMBFrameCBTransmitterEmpty              0x20000290   Data           4  mb.o(.data)
    pxMBPortCBTimerExpired                   0x20000294   Data           4  mb.o(.data)
    err_mb_cnt                               0x200003a4   Data           2  port_serial.o(.data)
    mb_timer_d                               0x200003a8   Data           8  port_timer.o(.data)
    mb_rtu_event                             0x200003b0   Data           1  portevent.o(.data)
    is_have_rtu_slave_event                  0x200003b2   Data           2  portevent.o(.data)
    upgrade_response                         0x200003b8   Data           1  hnnce.o(.data)
    is_upgrading                             0x200003b9   Data           1  hnnce.o(.data)
    step                                     0x200003ba   Data           1  hnnce.o(.data)
    write_enable                             0x200003bc   Data           1  hnnce.o(.data)
    is_end_frame                             0x200003bd   Data           1  hnnce.o(.data)
    is_restart                               0x200003be   Data           1  hnnce.o(.data)
    programErr_cnt                           0x200003bf   Data           1  hnnce.o(.data)
    upgrade_action                           0x200003c2   Data           1  hnnce.o(.data)
    task_interval                            0x200003c3   Data           1  hnnce.o(.data)
    offSet                                   0x200003c4   Data           2  hnnce.o(.data)
    waitTime_cnt                             0x200003c6   Data           2  hnnce.o(.data)
    startCmd                                 0x200003c8   Data           4  hnnce.o(.data)
    __stdout                                 0x200003d0   Data           4  stdout.o(.data)
    hdma_uart4_rx                            0x200003d4   Data          68  main.o(.bss)
    hdma_uart4_tx                            0x20000418   Data          68  main.o(.bss)
    hdma_usart1_rx                           0x2000045c   Data          68  main.o(.bss)
    hdma_usart1_tx                           0x200004a0   Data          68  main.o(.bss)
    usb_task_buffer                          0x200004e4   Data        1024  main.o(.bss)
    usb_task_control_block                   0x200008e4   Data          84  main.o(.bss)
    modbus_task_buffer                       0x20000938   Data        1024  main.o(.bss)
    modbus_task_control_block                0x20000d38   Data          84  main.o(.bss)
    htim1                                    0x20000fe0   Data          64  stm32f1xx_hal_timebase_tim.o(.bss)
    msg_rx_usb                               0x20001020   Data          60  iap.o(.bss)
    msg_tx_usb                               0x2000105c   Data          60  iap.o(.bss)
    mb_machine_fault_code                    0x20001118   Data          16  modbus_data_iot.o(.bss)
    hUsbDeviceFS                             0x20001128   Data         548  usb_device.o(.bss)
    USBD_StrDesc                             0x2000134c   Data         512  usbd_desc.o(.bss)
    UserRxBufferFS                           0x2000154c   Data        1000  usbd_cdc_if.o(.bss)
    UserTxBufferFS                           0x20001934   Data        1000  usbd_cdc_if.o(.bss)
    hpcd_USB_FS                              0x20001f3c   Data        1120  usbd_conf.o(.bss)
    pFlash                                   0x200023a0   Data          32  stm32f1xx_hal_flash.o(.bss)
    buffer                                   0x200034b6   Data        1029  hnnce.o(.bss)
    __initial_sp                             0x20003cc0   Data           0  startup_stm32f103xe.o(STACK)



==============================================================================

Memory Map of the image

  Image Entry point : 0x08000131

  Load Region LR_IROM1 (Base: 0x08000000, Size: 0x00006cd0, Max: 0x0000a000, ABSOLUTE, COMPRESSED[0x00006a08])

    Execution Region ER_IROM1 (Exec base: 0x08000000, Load base: 0x08000000, Size: 0x000068fc, Max: 0x0000a000, ABSOLUTE)

    Exec Addr    Load Addr    Size         Type   Attr      Idx    E Section Name        Object

    0x08000000   0x08000000   0x00000130   Data   RO            3    RESET               startup_stm32f103xe.o
    0x08000130   0x08000130   0x00000000   Code   RO         5960  * .ARM.Collect$$$$00000000  mc_w.l(entry.o)
    0x08000130   0x08000130   0x00000004   Code   RO         6232    .ARM.Collect$$$$00000001  mc_w.l(entry2.o)
    0x08000134   0x08000134   0x00000004   Code   RO         6235    .ARM.Collect$$$$00000004  mc_w.l(entry5.o)
    0x08000138   0x08000138   0x00000000   Code   RO         6237    .ARM.Collect$$$$00000008  mc_w.l(entry7b.o)
    0x08000138   0x08000138   0x00000000   Code   RO         6239    .ARM.Collect$$$$0000000A  mc_w.l(entry8b.o)
    0x08000138   0x08000138   0x00000008   Code   RO         6240    .ARM.Collect$$$$0000000B  mc_w.l(entry9a.o)
    0x08000140   0x08000140   0x00000004   Code   RO         6247    .ARM.Collect$$$$0000000E  mc_w.l(entry12b.o)
    0x08000144   0x08000144   0x00000000   Code   RO         6242    .ARM.Collect$$$$0000000F  mc_w.l(entry10a.o)
    0x08000144   0x08000144   0x00000000   Code   RO         6244    .ARM.Collect$$$$00000011  mc_w.l(entry11a.o)
    0x08000144   0x08000144   0x00000004   Code   RO         6233    .ARM.Collect$$$$00002712  mc_w.l(entry2.o)
    0x08000148   0x08000148   0x00000018   Code   RO          549    .emb_text           iap.o
    0x08000160   0x08000160   0x00000096   Code   RO         4923    .emb_text           port.o
    0x080001f6   0x080001f6   0x00000002   PAD
    0x080001f8   0x080001f8   0x00000024   Code   RO            4    .text               startup_stm32f103xe.o
    0x0800021c   0x0800021c   0x00000020   Code   RO         5963    .text               mc_w.l(llushr.o)
    0x0800023c   0x0800023c   0x00000024   Code   RO         5965    .text               mc_w.l(memcpya.o)
    0x08000260   0x08000260   0x00000024   Code   RO         5967    .text               mc_w.l(memseta.o)
    0x08000284   0x08000284   0x00000062   Code   RO         6251    .text               mc_w.l(uldiv.o)
    0x080002e6   0x080002e6   0x00000002   PAD
    0x080002e8   0x080002e8   0x00000024   Code   RO         6264    .text               mc_w.l(init.o)
    0x0800030c   0x0800030c   0x0000001e   Code   RO         6266    .text               mc_w.l(llshl.o)
    0x0800032a   0x0800032a   0x00000056   Code   RO         6280    .text               mc_w.l(__dczerorl2.o)
    0x08000380   0x08000380   0x00000002   Code   RO          335    i.BusFault_Handler  stm32f1xx_it.o
    0x08000382   0x08000382   0x00000004   Code   RO         1043    i.CDC_Control_FS    usbd_cdc_if.o
    0x08000386   0x08000386   0x00000004   Code   RO         1044    i.CDC_DeInit_FS     usbd_cdc_if.o
    0x0800038a   0x0800038a   0x00000002   PAD
    0x0800038c   0x0800038c   0x00000024   Code   RO         1045    i.CDC_Init_FS       usbd_cdc_if.o
    0x080003b0   0x080003b0   0x00000020   Code   RO         1046    i.CDC_Receive_FS    usbd_cdc_if.o
    0x080003d0   0x080003d0   0x0000002c   Code   RO         1047    i.CDC_Transmit_FS   usbd_cdc_if.o
    0x080003fc   0x080003fc   0x00000002   Code   RO          340    i.DebugMon_Handler  stm32f1xx_it.o
    0x080003fe   0x080003fe   0x00000002   Code   RO           13    i.Error_Handler     main.o
    0x08000400   0x08000400   0x00000004   Data   RO          562    .ARM.__AT_0x08000400  iap.o
    0x08000404   0x08000404   0x000001a8   Code   RO         5894    i.ARM_upgrade_process  hnnce.o
    0x080005ac   0x080005ac   0x00000024   Code   RO          681    i.CPUHeartBeatInit  delay_cpu_clk.o
    0x080005d0   0x080005d0   0x00000028   Code   RO          515    i.ConfigTraceSWO    printf_reloc.o
    0x080005f8   0x080005f8   0x0000000c   Code   RO          336    i.DMA1_Channel4_IRQHandler  stm32f1xx_it.o
    0x08000604   0x08000604   0x0000000c   Code   RO          337    i.DMA1_Channel5_IRQHandler  stm32f1xx_it.o
    0x08000610   0x08000610   0x0000000c   Code   RO          338    i.DMA2_Channel3_IRQHandler  stm32f1xx_it.o
    0x0800061c   0x0800061c   0x0000000c   Code   RO          339    i.DMA2_Channel4_5_IRQHandler  stm32f1xx_it.o
    0x08000628   0x08000628   0x00000014   Code   RO          682    i.Delay_Clk         delay_cpu_clk.o
    0x0800063c   0x0800063c   0x00000024   Code   RO         3771    i.FLASH_MassErase   stm32f1xx_hal_flash_ex.o
    0x08000660   0x08000660   0x00000024   Code   RO         3776    i.FLASH_PageErase   stm32f1xx_hal_flash_ex.o
    0x08000684   0x08000684   0x0000001c   Code   RO         3668    i.FLASH_Program_HalfWord  stm32f1xx_hal_flash.o
    0x080006a0   0x080006a0   0x0000005c   Code   RO         3669    i.FLASH_SetErrorCode  stm32f1xx_hal_flash.o
    0x080006fc   0x080006fc   0x00000054   Code   RO         3670    i.FLASH_WaitForLastOperation  stm32f1xx_hal_flash.o
    0x08000750   0x08000750   0x00000248   Code   RO         3337    i.HAL_DMA_IRQHandler  stm32f1xx_hal_dma.o
    0x08000998   0x08000998   0x000000e4   Code   RO         3777    i.HAL_FLASHEx_Erase  stm32f1xx_hal_flash_ex.o
    0x08000a7c   0x08000a7c   0x00000084   Code   RO         3679    i.HAL_FLASH_Program  stm32f1xx_hal_flash.o
    0x08000b00   0x08000b00   0x00000028   Code   RO         3681    i.HAL_FLASH_Unlock  stm32f1xx_hal_flash.o
    0x08000b28   0x08000b28   0x000001ec   Code   RO         3268    i.HAL_GPIO_Init     stm32f1xx_hal_gpio.o
    0x08000d14   0x08000d14   0x0000000c   Code   RO         2976    i.HAL_GetTick       stm32f1xx_hal.o
    0x08000d20   0x08000d20   0x00000010   Code   RO         2980    i.HAL_IncTick       stm32f1xx_hal.o
    0x08000d30   0x08000d30   0x00000024   Code   RO         2981    i.HAL_Init          stm32f1xx_hal.o
    0x08000d54   0x08000d54   0x00000074   Code   RO          476    i.HAL_InitTick      stm32f1xx_hal_timebase_tim.o
    0x08000dc8   0x08000dc8   0x00000080   Code   RO          439    i.HAL_MspInit       stm32f1xx_hal_msp.o
    0x08000e48   0x08000e48   0x00000016   Code   RO         3426    i.HAL_NVIC_ClearPendingIRQ  stm32f1xx_hal_cortex.o
    0x08000e5e   0x08000e5e   0x00000016   Code   RO         3428    i.HAL_NVIC_EnableIRQ  stm32f1xx_hal_cortex.o
    0x08000e74   0x08000e74   0x00000040   Code   RO         3434    i.HAL_NVIC_SetPriority  stm32f1xx_hal_cortex.o
    0x08000eb4   0x08000eb4   0x00000024   Code   RO         3435    i.HAL_NVIC_SetPriorityGrouping  stm32f1xx_hal_cortex.o
    0x08000ed8   0x08000ed8   0x00000034   Code   RO         1553    i.HAL_PCDEx_PMAConfig  stm32f1xx_hal_pcd_ex.o
    0x08000f0c   0x08000f0c   0x00000002   Code   RO         1095    i.HAL_PCDEx_SetConnectionState  usbd_conf.o
    0x08000f0e   0x08000f0e   0x0000000e   Code   RO         1097    i.HAL_PCD_DataInStageCallback  usbd_conf.o
    0x08000f1c   0x08000f1c   0x00000010   Code   RO         1098    i.HAL_PCD_DataOutStageCallback  usbd_conf.o
    0x08000f2c   0x08000f2c   0x00000040   Code   RO         1347    i.HAL_PCD_EP_Close  stm32f1xx_hal_pcd.o
    0x08000f6c   0x08000f6c   0x00000048   Code   RO         1348    i.HAL_PCD_EP_ClrStall  stm32f1xx_hal_pcd.o
    0x08000fb4   0x08000fb4   0x00000010   Code   RO         1350    i.HAL_PCD_EP_GetRxCount  stm32f1xx_hal_pcd.o
    0x08000fc4   0x08000fc4   0x00000044   Code   RO         1351    i.HAL_PCD_EP_Open   stm32f1xx_hal_pcd.o
    0x08001008   0x08001008   0x0000002e   Code   RO         1352    i.HAL_PCD_EP_Receive  stm32f1xx_hal_pcd.o
    0x08001036   0x08001036   0x00000056   Code   RO         1353    i.HAL_PCD_EP_SetStall  stm32f1xx_hal_pcd.o
    0x0800108c   0x0800108c   0x0000002a   Code   RO         1354    i.HAL_PCD_EP_Transmit  stm32f1xx_hal_pcd.o
    0x080010b6   0x080010b6   0x0000010c   Code   RO         1356    i.HAL_PCD_IRQHandler  stm32f1xx_hal_pcd.o
    0x080011c2   0x080011c2   0x000000bc   Code   RO         1359    i.HAL_PCD_Init      stm32f1xx_hal_pcd.o
    0x0800127e   0x0800127e   0x00000002   PAD
    0x08001280   0x08001280   0x0000003c   Code   RO         1103    i.HAL_PCD_MspInit   usbd_conf.o
    0x080012bc   0x080012bc   0x0000001a   Code   RO         1104    i.HAL_PCD_ResetCallback  usbd_conf.o
    0x080012d6   0x080012d6   0x00000008   Code   RO         1105    i.HAL_PCD_ResumeCallback  usbd_conf.o
    0x080012de   0x080012de   0x00000008   Code   RO         1106    i.HAL_PCD_SOFCallback  usbd_conf.o
    0x080012e6   0x080012e6   0x00000028   Code   RO         1365    i.HAL_PCD_SetAddress  stm32f1xx_hal_pcd.o
    0x0800130e   0x0800130e   0x0000000e   Code   RO         1107    i.HAL_PCD_SetupStageCallback  usbd_conf.o
    0x0800131c   0x0800131c   0x00000032   Code   RO         1367    i.HAL_PCD_Start     stm32f1xx_hal_pcd.o
    0x0800134e   0x0800134e   0x00000002   PAD
    0x08001350   0x08001350   0x00000024   Code   RO         1108    i.HAL_PCD_SuspendCallback  usbd_conf.o
    0x08001374   0x08001374   0x000000e8   Code   RO         3231    i.HAL_RCCEx_PeriphCLKConfig  stm32f1xx_hal_rcc_ex.o
    0x0800145c   0x0800145c   0x00000168   Code   RO         3128    i.HAL_RCC_ClockConfig  stm32f1xx_hal_rcc.o
    0x080015c4   0x080015c4   0x000000d0   Code   RO         3129    i.HAL_RCC_DeInit    stm32f1xx_hal_rcc.o
    0x08001694   0x08001694   0x00000040   Code   RO         3132    i.HAL_RCC_GetClockConfig  stm32f1xx_hal_rcc.o
    0x080016d4   0x080016d4   0x00000020   Code   RO         3136    i.HAL_RCC_GetPCLK2Freq  stm32f1xx_hal_rcc.o
    0x080016f4   0x080016f4   0x00000074   Code   RO         3137    i.HAL_RCC_GetSysClockFreq  stm32f1xx_hal_rcc.o
    0x08001768   0x08001768   0x000002f8   Code   RO         3140    i.HAL_RCC_OscConfig  stm32f1xx_hal_rcc.o
    0x08001a60   0x08001a60   0x00000002   Code   RO         2406    i.HAL_TIMEx_BreakCallback  stm32f1xx_hal_tim_ex.o
    0x08001a62   0x08001a62   0x00000002   Code   RO         2407    i.HAL_TIMEx_CommutationCallback  stm32f1xx_hal_tim_ex.o
    0x08001a64   0x08001a64   0x00000036   Code   RO         1777    i.HAL_TIM_Base_Init  stm32f1xx_hal_tim.o
    0x08001a9a   0x08001a9a   0x00000002   Code   RO         1779    i.HAL_TIM_Base_MspInit  stm32f1xx_hal_tim.o
    0x08001a9c   0x08001a9c   0x00000018   Code   RO         1782    i.HAL_TIM_Base_Start_IT  stm32f1xx_hal_tim.o
    0x08001ab4   0x08001ab4   0x00000002   Code   RO         1806    i.HAL_TIM_IC_CaptureCallback  stm32f1xx_hal_tim.o
    0x08001ab6   0x08001ab6   0x00000166   Code   RO         1819    i.HAL_TIM_IRQHandler  stm32f1xx_hal_tim.o
    0x08001c1c   0x08001c1c   0x00000002   Code   RO         1822    i.HAL_TIM_OC_DelayElapsedCallback  stm32f1xx_hal_tim.o
    0x08001c1e   0x08001c1e   0x00000002   Code   RO         1849    i.HAL_TIM_PWM_PulseFinishedCallback  stm32f1xx_hal_tim.o
    0x08001c20   0x08001c20   0x0000001c   Code   RO           14    i.HAL_TIM_PeriodElapsedCallback  main.o
    0x08001c3c   0x08001c3c   0x00000002   Code   RO         1860    i.HAL_TIM_TriggerCallback  stm32f1xx_hal_tim.o
    0x08001c3e   0x08001c3e   0x00000002   Code   RO          341    i.HardFault_Handler  stm32f1xx_it.o
    0x08001c40   0x08001c40   0x00000004   Code   RO         5577    i.MB_USART1_IrqHandler  port_serial.o
    0x08001c44   0x08001c44   0x0000006c   Code   RO           15    i.MX_DMA_Init       main.o
    0x08001cb0   0x08001cb0   0x00000214   Code   RO           16    i.MX_GPIO_Init      main.o
    0x08001ec4   0x08001ec4   0x00000038   Code   RO          930    i.MX_USB_DEVICE_Init  usb_device.o
    0x08001efc   0x08001efc   0x00000002   Code   RO          342    i.MemManage_Handler  stm32f1xx_it.o
    0x08001efe   0x08001efe   0x00000002   Code   RO          343    i.NMI_Handler       stm32f1xx_it.o
    0x08001f00   0x08001f00   0x00000020   Code   RO         3441    i.NVIC_SetPriority  stm32f1xx_hal_cortex.o
    0x08001f20   0x08001f20   0x00000348   Code   RO         1370    i.PCD_EP_ISR_Handler  stm32f1xx_hal_pcd.o
    0x08002268   0x08002268   0x0000002c   Code   RO         4924    i.SysTick_Handler   port.o
    0x08002294   0x08002294   0x00000060   Code   RO           17    i.SystemClock_Config  main.o
    0x080022f4   0x080022f4   0x00000048   Code   RO         3857    i.SystemInit        system_stm32f1xx.o
    0x0800233c   0x0800233c   0x00000028   Code   RO         5640    i.TCX_IRQHANDLER    port_timer.o
    0x08002364   0x08002364   0x0000000c   Code   RO          344    i.TIM1_UP_IRQHandler  stm32f1xx_it.o
    0x08002370   0x08002370   0x0000008c   Code   RO         1861    i.TIM_Base_SetConfig  stm32f1xx_hal_tim.o
    0x080023fc   0x080023fc   0x00000004   Code   RO          345    i.USART1_IRQHandler  stm32f1xx_it.o
    0x08002400   0x08002400   0x00000014   Code   RO         5266    i.USBD_CDC_DataIn   usbd_cdc.o
    0x08002414   0x08002414   0x0000002e   Code   RO         5267    i.USBD_CDC_DataOut  usbd_cdc.o
    0x08002442   0x08002442   0x0000003c   Code   RO         5268    i.USBD_CDC_DeInit   usbd_cdc.o
    0x0800247e   0x0800247e   0x00000024   Code   RO         5269    i.USBD_CDC_EP0_RxReady  usbd_cdc.o
    0x080024a2   0x080024a2   0x00000002   PAD
    0x080024a4   0x080024a4   0x0000000c   Code   RO         5270    i.USBD_CDC_GetDeviceQualifierDescriptor  usbd_cdc.o
    0x080024b0   0x080024b0   0x0000000c   Code   RO         5271    i.USBD_CDC_GetFSCfgDesc  usbd_cdc.o
    0x080024bc   0x080024bc   0x0000000c   Code   RO         5272    i.USBD_CDC_GetHSCfgDesc  usbd_cdc.o
    0x080024c8   0x080024c8   0x0000000c   Code   RO         5273    i.USBD_CDC_GetOtherSpeedCfgDesc  usbd_cdc.o
    0x080024d4   0x080024d4   0x00000088   Code   RO         5274    i.USBD_CDC_Init     usbd_cdc.o
    0x0800255c   0x0800255c   0x00000028   Code   RO         5275    i.USBD_CDC_ReceivePacket  usbd_cdc.o
    0x08002584   0x08002584   0x00000010   Code   RO         5276    i.USBD_CDC_RegisterInterface  usbd_cdc.o
    0x08002594   0x08002594   0x0000000c   Code   RO         5277    i.USBD_CDC_SetRxBuffer  usbd_cdc.o
    0x080025a0   0x080025a0   0x00000010   Code   RO         5278    i.USBD_CDC_SetTxBuffer  usbd_cdc.o
    0x080025b0   0x080025b0   0x00000070   Code   RO         5279    i.USBD_CDC_Setup    usbd_cdc.o
    0x08002620   0x08002620   0x00000030   Code   RO         5280    i.USBD_CDC_TransmitPacket  usbd_cdc.o
    0x08002650   0x08002650   0x0000000e   Code   RO         5003    i.USBD_ClrClassConfig  usbd_core.o
    0x0800265e   0x0800265e   0x00000010   Code   RO         5206    i.USBD_CtlContinueRx  usbd_ioreq.o
    0x0800266e   0x0800266e   0x00000010   Code   RO         5207    i.USBD_CtlContinueSendData  usbd_ioreq.o
    0x0800267e   0x0800267e   0x00000016   Code   RO         5141    i.USBD_CtlError     usbd_ctlreq.o
    0x08002694   0x08002694   0x0000001e   Code   RO         5208    i.USBD_CtlPrepareRx  usbd_ioreq.o
    0x080026b2   0x080026b2   0x00000016   Code   RO         5209    i.USBD_CtlReceiveStatus  usbd_ioreq.o
    0x080026c8   0x080026c8   0x0000001a   Code   RO         5210    i.USBD_CtlSendData  usbd_ioreq.o
    0x080026e2   0x080026e2   0x00000016   Code   RO         5211    i.USBD_CtlSendStatus  usbd_ioreq.o
    0x080026f8   0x080026f8   0x00000020   Code   RO          975    i.USBD_FS_ConfigStrDescriptor  usbd_desc.o
    0x08002718   0x08002718   0x0000000c   Code   RO          976    i.USBD_FS_DeviceDescriptor  usbd_desc.o
    0x08002724   0x08002724   0x00000024   Code   RO          977    i.USBD_FS_InterfaceStrDescriptor  usbd_desc.o
    0x08002748   0x08002748   0x0000000c   Code   RO          978    i.USBD_FS_LangIDStrDescriptor  usbd_desc.o
    0x08002754   0x08002754   0x00000028   Code   RO          979    i.USBD_FS_ManufacturerStrDescriptor  usbd_desc.o
    0x0800277c   0x0800277c   0x0000002c   Code   RO          980    i.USBD_FS_ProductStrDescriptor  usbd_desc.o
    0x080027a8   0x080027a8   0x00000024   Code   RO          981    i.USBD_FS_SerialStrDescriptor  usbd_desc.o
    0x080027cc   0x080027cc   0x000000e0   Code   RO         5142    i.USBD_GetDescriptor  usbd_ctlreq.o
    0x080028ac   0x080028ac   0x00000046   Code   RO         5143    i.USBD_GetString    usbd_ctlreq.o
    0x080028f2   0x080028f2   0x00000002   PAD
    0x080028f4   0x080028f4   0x00000060   Code   RO         5005    i.USBD_Init         usbd_core.o
    0x08002954   0x08002954   0x00000020   Code   RO         1109    i.USBD_LL_ClearStallEP  usbd_conf.o
    0x08002974   0x08002974   0x00000020   Code   RO         1110    i.USBD_LL_CloseEP   usbd_conf.o
    0x08002994   0x08002994   0x000000aa   Code   RO         5006    i.USBD_LL_DataInStage  usbd_core.o
    0x08002a3e   0x08002a3e   0x0000006a   Code   RO         5007    i.USBD_LL_DataOutStage  usbd_core.o
    0x08002aa8   0x08002aa8   0x00000008   Code   RO         1114    i.USBD_LL_GetRxDataSize  usbd_conf.o
    0x08002ab0   0x08002ab0   0x00000084   Code   RO         1115    i.USBD_LL_Init      usbd_conf.o
    0x08002b34   0x08002b34   0x0000001c   Code   RO         1116    i.USBD_LL_IsStallEP  usbd_conf.o
    0x08002b50   0x08002b50   0x00000026   Code   RO         1117    i.USBD_LL_OpenEP    usbd_conf.o
    0x08002b76   0x08002b76   0x00000020   Code   RO         1118    i.USBD_LL_PrepareReceive  usbd_conf.o
    0x08002b96   0x08002b96   0x0000003e   Code   RO         5012    i.USBD_LL_Reset     usbd_core.o
    0x08002bd4   0x08002bd4   0x0000000c   Code   RO         5013    i.USBD_LL_Resume    usbd_core.o
    0x08002be0   0x08002be0   0x00000018   Code   RO         5014    i.USBD_LL_SOF       usbd_core.o
    0x08002bf8   0x08002bf8   0x00000006   Code   RO         5015    i.USBD_LL_SetSpeed  usbd_core.o
    0x08002bfe   0x08002bfe   0x00000020   Code   RO         1119    i.USBD_LL_SetUSBAddress  usbd_conf.o
    0x08002c1e   0x08002c1e   0x0000005a   Code   RO         5016    i.USBD_LL_SetupStage  usbd_core.o
    0x08002c78   0x08002c78   0x00000020   Code   RO         1120    i.USBD_LL_StallEP   usbd_conf.o
    0x08002c98   0x08002c98   0x00000020   Code   RO         1121    i.USBD_LL_Start     usbd_conf.o
    0x08002cb8   0x08002cb8   0x00000012   Code   RO         5017    i.USBD_LL_Suspend   usbd_core.o
    0x08002cca   0x08002cca   0x00000020   Code   RO         1123    i.USBD_LL_Transmit  usbd_conf.o
    0x08002cea   0x08002cea   0x00000028   Code   RO         5144    i.USBD_ParseSetupRequest  usbd_ctlreq.o
    0x08002d12   0x08002d12   0x00000002   PAD
    0x08002d14   0x08002d14   0x00000048   Code   RO         5018    i.USBD_RegisterClass  usbd_core.o
    0x08002d5c   0x08002d5c   0x00000016   Code   RO         5020    i.USBD_SetClassConfig  usbd_core.o
    0x08002d72   0x08002d72   0x00000002   PAD
    0x08002d74   0x08002d74   0x00000074   Code   RO         5145    i.USBD_SetConfig    usbd_ctlreq.o
    0x08002de8   0x08002de8   0x0000000a   Code   RO         5021    i.USBD_Start        usbd_core.o
    0x08002df2   0x08002df2   0x000000f2   Code   RO         5146    i.USBD_StdDevReq    usbd_ctlreq.o
    0x08002ee4   0x08002ee4   0x000000dc   Code   RO         5147    i.USBD_StdEPReq     usbd_ctlreq.o
    0x08002fc0   0x08002fc0   0x00000034   Code   RO         5148    i.USBD_StdItfReq    usbd_ctlreq.o
    0x08002ff4   0x08002ff4   0x00000002   Code   RO         1124    i.USBD_static_free  usbd_conf.o
    0x08002ff6   0x08002ff6   0x00000002   PAD
    0x08002ff8   0x08002ff8   0x00000008   Code   RO         1125    i.USBD_static_malloc  usbd_conf.o
    0x08003000   0x08003000   0x00000252   Code   RO         1583    i.USB_ActivateEndpoint  stm32f1xx_ll_usb.o
    0x08003252   0x08003252   0x00000004   Code   RO         1586    i.USB_CoreInit      stm32f1xx_ll_usb.o
    0x08003256   0x08003256   0x00000110   Code   RO         1588    i.USB_DeactivateEndpoint  stm32f1xx_ll_usb.o
    0x08003366   0x08003366   0x00000004   Code   RO         1589    i.USB_DevConnect    stm32f1xx_ll_usb.o
    0x0800336a   0x0800336a   0x00000004   Code   RO         1590    i.USB_DevDisconnect  stm32f1xx_ll_usb.o
    0x0800336e   0x0800336e   0x0000001e   Code   RO         1591    i.USB_DevInit       stm32f1xx_ll_usb.o
    0x0800338c   0x0800338c   0x0000000e   Code   RO         1592    i.USB_DisableGlobalInt  stm32f1xx_ll_usb.o
    0x0800339a   0x0800339a   0x00000004   Code   RO         1593    i.USB_EP0_OutStart  stm32f1xx_ll_usb.o
    0x0800339e   0x0800339e   0x0000006a   Code   RO         1594    i.USB_EPClearStall  stm32f1xx_ll_usb.o
    0x08003408   0x08003408   0x0000004a   Code   RO         1595    i.USB_EPSetStall    stm32f1xx_ll_usb.o
    0x08003452   0x08003452   0x000001a6   Code   RO         1596    i.USB_EPStartXfer   stm32f1xx_ll_usb.o
    0x080035f8   0x080035f8   0x0000000e   Code   RO         1597    i.USB_EnableGlobalInt  stm32f1xx_ll_usb.o
    0x08003606   0x08003606   0x00000002   PAD
    0x08003608   0x08003608   0x0000000c   Code   RO          346    i.USB_LP_CAN1_RX0_IRQHandler  stm32f1xx_it.o
    0x08003614   0x08003614   0x00000006   Code   RO         1604    i.USB_ReadInterrupts  stm32f1xx_ll_usb.o
    0x0800361a   0x0800361a   0x0000001c   Code   RO         1605    i.USB_ReadPMA       stm32f1xx_ll_usb.o
    0x08003636   0x08003636   0x00000004   Code   RO         1607    i.USB_SetCurrentMode  stm32f1xx_ll_usb.o
    0x0800363a   0x0800363a   0x0000000c   Code   RO         1608    i.USB_SetDevAddress  stm32f1xx_ll_usb.o
    0x08003646   0x08003646   0x00000026   Code   RO         1610    i.USB_WritePMA      stm32f1xx_ll_usb.o
    0x0800366c   0x0800366c   0x00000002   Code   RO          347    i.UsageFault_Handler  stm32f1xx_it.o
    0x0800366e   0x0800366e   0x00000002   PAD
    0x08003670   0x08003670   0x00000020   Code   RO         6178    i.__0printf$8       mc_w.l(printf8.o)
    0x08003690   0x08003690   0x0000000e   Code   RO         6274    i.__scatterload_copy  mc_w.l(handlers.o)
    0x0800369e   0x0800369e   0x00000002   Code   RO         6275    i.__scatterload_null  mc_w.l(handlers.o)
    0x080036a0   0x080036a0   0x0000000e   Code   RO         6276    i.__scatterload_zeroinit  mc_w.l(handlers.o)
    0x080036ae   0x080036ae   0x00000002   PAD
    0x080036b0   0x080036b0   0x00000404   Code   RO         6185    i._printf_core      mc_w.l(printf8.o)
    0x08003ab4   0x08003ab4   0x00000024   Code   RO         6186    i._printf_post_padding  mc_w.l(printf8.o)
    0x08003ad8   0x08003ad8   0x0000002e   Code   RO         6187    i._printf_pre_padding  mc_w.l(printf8.o)
    0x08003b06   0x08003b06   0x00000038   Code   RO          816    i.binary_search     modbus_iot.o
    0x08003b3e   0x08003b3e   0x00000002   PAD
    0x08003b40   0x08003b40   0x0000004c   Code   RO          550    i.copy_fu_info_to_usb_tx  iap.o
    0x08003b8c   0x08003b8c   0x00000030   Code   RO          551    i.copy_received_msg  iap.o
    0x08003bbc   0x08003bbc   0x00000040   Code   RO          552    i.copy_to_mb_master_send_buf  iap.o
    0x08003bfc   0x08003bfc   0x00000020   Code   RO         5374    i.eMBEnable         mb.o
    0x08003c1c   0x08003c1c   0x0000005a   Code   RO         5816    i.eMBFuncReadHoldingRegister  mbfuncholding.o
    0x08003c76   0x08003c76   0x0000009c   Code   RO         5817    i.eMBFuncReadWriteMultipleHoldingRegister  mbfuncholding.o
    0x08003d12   0x08003d12   0x00000032   Code   RO         5818    i.eMBFuncWriteHoldingRegister  mbfuncholding.o
    0x08003d44   0x08003d44   0x0000004a   Code   RO         5819    i.eMBFuncWriteMultipleHoldingRegister  mbfuncholding.o
    0x08003d8e   0x08003d8e   0x00000002   PAD
    0x08003d90   0x08003d90   0x00000080   Code   RO         5375    i.eMBInit           mb.o
    0x08003e10   0x08003e10   0x000000c0   Code   RO         5376    i.eMBPoll           mb.o
    0x08003ed0   0x08003ed0   0x00000050   Code   RO         5502    i.eMBRTUInit        mbrtu.o
    0x08003f20   0x08003f20   0x00000058   Code   RO         5503    i.eMBRTUReceive     mbrtu.o
    0x08003f78   0x08003f78   0x00000084   Code   RO         5504    i.eMBRTUSend        mbrtu.o
    0x08003ffc   0x08003ffc   0x0000002c   Code   RO         5505    i.eMBRTUStart       mbrtu.o
    0x08004028   0x08004028   0x00000024   Code   RO         5506    i.eMBRTUStop        mbrtu.o
    0x0800404c   0x0800404c   0x00000012   Code   RO          819    i.eMBRegHoldingCB   modbus_iot.o
    0x0800405e   0x0800405e   0x00000012   Code   RO         5895    i.exception_response  hnnce.o
    0x08004070   0x08004070   0x00000028   Code   RO          516    i.fputc             printf_reloc.o
    0x08004098   0x08004098   0x0000002c   Code   RO         5896    i.hnnce_Upgrade_Handler  hnnce.o
    0x080040c4   0x080040c4   0x00000014   Code   RO         5507    i.hnnce_recevice    mbrtu.o
    0x080040d8   0x080040d8   0x0000002c   Code   RO         5378    i.hnnce_recv        mb.o
    0x08004104   0x08004104   0x00000104   Code   RO         5897    i.hnnce_upgrade_data_frame_verify  hnnce.o
    0x08004208   0x08004208   0x00000050   Code   RO         5898    i.hnnce_upgrade_ready_and_check  hnnce.o
    0x08004258   0x08004258   0x0000042c   Code   RO          553    i.iap_process       iap.o
    0x08004684   0x08004684   0x000000e8   Code   RO          554    i.jump_to_user_application_if  iap.o
    0x0800476c   0x0800476c   0x00000058   Code   RO           18    i.main              main.o
    0x080047c4   0x080047c4   0x0000000c   Code   RO         4489    i.makeFreeRtosPriority  cmsis_os.o
    0x080047d0   0x080047d0   0x000000ec   Code   RO          821    i.mb_invoke_flash_upgrade  modbus_iot.o
    0x080048bc   0x080048bc   0x0000000c   Code   RO          555    i.memory_copy_value  iap.o
    0x080048c8   0x080048c8   0x0000000e   Code   RO         4491    i.osDelay           cmsis_os.o
    0x080048d6   0x080048d6   0x0000000a   Code   RO         4494    i.osKernelStart     cmsis_os.o
    0x080048e0   0x080048e0   0x00000054   Code   RO         4528    i.osThreadCreate    cmsis_os.o
    0x08004934   0x08004934   0x00000088   Code   RO         5899    i.pack_msg_data     hnnce.o
    0x080049bc   0x080049bc   0x00000070   Code   RO         4194    i.prvAddCurrentTaskToDelayedList  tasks.o
    0x08004a2c   0x08004a2c   0x000000d0   Code   RO         4195    i.prvAddNewTaskToReadyList  tasks.o
    0x08004afc   0x08004afc   0x00000054   Code   RO         4196    i.prvCheckTasksWaitingTermination  tasks.o
    0x08004b50   0x08004b50   0x00000034   Code   RO         4197    i.prvDeleteTCB      tasks.o
    0x08004b84   0x08004b84   0x0000004c   Code   RO         4862    i.prvHeapInit       heap_4.o
    0x08004bd0   0x08004bd0   0x0000002c   Code   RO         4198    i.prvIdleTask       tasks.o
    0x08004bfc   0x08004bfc   0x0000008e   Code   RO         4199    i.prvInitialiseNewTask  tasks.o
    0x08004c8a   0x08004c8a   0x00000002   PAD
    0x08004c8c   0x08004c8c   0x0000004c   Code   RO         4863    i.prvInsertBlockIntoFreeList  heap_4.o
    0x08004cd8   0x08004cd8   0x00000020   Code   RO         4200    i.prvResetNextTaskUnblockTime  tasks.o
    0x08004cf8   0x08004cf8   0x00000028   Code   RO         4925    i.prvTaskExitError  port.o
    0x08004d20   0x08004d20   0x00000034   Code   RO         4201    i.prvTaskIsTaskSuspended  tasks.o
    0x08004d54   0x08004d54   0x0000004c   Code   RO         5858    i.prveMBError2Exception  mbutils.o
    0x08004da0   0x08004da0   0x000000d8   Code   RO         4864    i.pvPortMalloc      heap_4.o
    0x08004e78   0x08004e78   0x00000024   Code   RO         4926    i.pxPortInitialiseStack  port.o
    0x08004e9c   0x08004e9c   0x00000160   Code   RO          822    i.read_mb_data      modbus_iot.o
    0x08004ffc   0x08004ffc   0x0000000c   Code   RO          557    i.set_iap_protocol_modbus_rtu  iap.o
    0x08005008   0x08005008   0x000000a0   Code   RO          899    i.start_modbus_task  modbus_schedule.o
    0x080050a8   0x080050a8   0x0000003c   Code   RO           19    i.start_usb_task    main.o
    0x080050e4   0x080050e4   0x0000003c   Code   RO         5900    i.terminate_upgrade  hnnce.o
    0x08005120   0x08005120   0x00000010   Code   RO          823    i.time_correction   modbus_iot.o
    0x08005130   0x08005130   0x00000024   Code   RO         5901    i.timeout_detection  hnnce.o
    0x08005154   0x08005154   0x00000054   Code   RO          559    i.tx_msg_packed     iap.o
    0x080051a8   0x080051a8   0x0000002c   Code   RO         5476    i.usMBCRC16         mbcrc.o
    0x080051d4   0x080051d4   0x00000024   Code   RO         3995    i.uxListRemove      list.o
    0x080051f8   0x080051f8   0x00000014   Code   RO          284    i.vApplicationGetIdleTaskMemory  freertos.o
    0x0800520c   0x0800520c   0x00000010   Code   RO           20    i.vApplicationIdleHook  main.o
    0x0800521c   0x0800521c   0x00000016   Code   RO         3996    i.vListInitialise   list.o
    0x08005232   0x08005232   0x00000006   Code   RO         3997    i.vListInitialiseItem  list.o
    0x08005238   0x08005238   0x00000030   Code   RO         3998    i.vListInsert       list.o
    0x08005268   0x08005268   0x00000018   Code   RO         3999    i.vListInsertEnd    list.o
    0x08005280   0x08005280   0x0000001c   Code   RO         5579    i.vMBPortSerialEnable  port_serial.o
    0x0800529c   0x0800529c   0x0000000c   Code   RO         5750    i.vMBPortSetWithinException  portother.o
    0x080052a8   0x080052a8   0x00000010   Code   RO         5643    i.vMBPortTimersDisable  port_timer.o
    0x080052b8   0x080052b8   0x00000018   Code   RO         5644    i.vMBPortTimersEnable  port_timer.o
    0x080052d0   0x080052d0   0x00000040   Code   RO         4928    i.vPortEnterCritical  port.o
    0x08005310   0x08005310   0x00000028   Code   RO         4929    i.vPortExitCritical  port.o
    0x08005338   0x08005338   0x0000005c   Code   RO         4865    i.vPortFree         heap_4.o
    0x08005394   0x08005394   0x00000020   Code   RO         4930    i.vPortSetupTimerInterrupt  port.o
    0x080053b4   0x080053b4   0x0000004c   Code   RO         4208    i.vTaskDelay        tasks.o
    0x08005400   0x08005400   0x0000007c   Code   RO         4217    i.vTaskResume       tasks.o
    0x0800547c   0x0800547c   0x0000006c   Code   RO         4219    i.vTaskStartScheduler  tasks.o
    0x080054e8   0x080054e8   0x000000b0   Code   RO         4220    i.vTaskSuspend      tasks.o
    0x08005598   0x08005598   0x00000010   Code   RO         4221    i.vTaskSuspendAll   tasks.o
    0x080055a8   0x080055a8   0x0000005c   Code   RO         4222    i.vTaskSwitchContext  tasks.o
    0x08005604   0x08005604   0x0000009c   Code   RO         5580    i.vUSARTHandler     port_serial.o
    0x080056a0   0x080056a0   0x0000005c   Code   RO          560    i.verify_image_info  iap.o
    0x080056fc   0x080056fc   0x00000188   Code   RO          824    i.write_mb_data     modbus_iot.o
    0x08005884   0x08005884   0x0000007c   Code   RO          561    i.write_to_flash    iap.o
    0x08005900   0x08005900   0x0000001c   Code   RO         5698    i.xMBPortEventGet   portevent.o
    0x0800591c   0x0800591c   0x00000004   Code   RO         5699    i.xMBPortEventInit  portevent.o
    0x08005920   0x08005920   0x00000018   Code   RO         5700    i.xMBPortEventPost  portevent.o
    0x08005938   0x08005938   0x00000010   Code   RO         5581    i.xMBPortSerialGetByte  port_serial.o
    0x08005948   0x08005948   0x00000074   Code   RO         5582    i.xMBPortSerialInit  port_serial.o
    0x080059bc   0x080059bc   0x0000000c   Code   RO         5583    i.xMBPortSerialPutByte  port_serial.o
    0x080059c8   0x080059c8   0x00000004   Code   RO         5645    i.xMBPortTimersInit  port_timer.o
    0x080059cc   0x080059cc   0x00000064   Code   RO         5508    i.xMBRTUReceiveFSM  mbrtu.o
    0x08005a30   0x08005a30   0x00000028   Code   RO         5509    i.xMBRTUTimerT35Expired  mbrtu.o
    0x08005a58   0x08005a58   0x00000050   Code   RO         5510    i.xMBRTUTransmitFSM  mbrtu.o
    0x08005aa8   0x08005aa8   0x00000078   Code   RO         4932    i.xPortStartScheduler  port.o
    0x08005b20   0x08005b20   0x0000005a   Code   RO         4224    i.xTaskCreate       tasks.o
    0x08005b7a   0x08005b7a   0x00000056   Code   RO         4225    i.xTaskCreateStatic  tasks.o
    0x08005bd0   0x08005bd0   0x000000c8   Code   RO         4232    i.xTaskIncrementTick  tasks.o
    0x08005c98   0x08005c98   0x000000c4   Code   RO         4238    i.xTaskResumeAll    tasks.o
    0x08005d5c   0x08005d5c   0x00000038   Data   RO           31    .constdata          main.o
    0x08005d94   0x08005d94   0x00000028   Data   RO          774    .constdata          modbus_data_iot.o
    0x08005dbc   0x08005dbc   0x0000085c   Data   RO          775    .constdata          modbus_data_iot.o
    0x08006618   0x08006618   0x00000004   Data   RO          776    .constdata          modbus_data_iot.o
    0x0800661c   0x0800661c   0x00000010   Data   RO         3858    .constdata          system_stm32f1xx.o
    0x0800662c   0x0800662c   0x00000008   Data   RO         3859    .constdata          system_stm32f1xx.o
    0x08006634   0x08006634   0x00000200   Data   RO         5477    .constdata          mbcrc.o
    0x08006834   0x08006834   0x00000018   Data   RO           32    .conststring        main.o
    0x0800684c   0x0800684c   0x0000008f   Data   RO          826    .conststring        modbus_iot.o
    0x080068db   0x080068db   0x00000001   PAD
    0x080068dc   0x080068dc   0x00000020   Data   RO         6272    Region$$Table       anon$$obj.o


    Execution Region RW_IRAM1 (Exec base: 0x20000000, Load base: 0x080068fc, Size: 0x00003cc0, Max: 0x0000c000, ABSOLUTE, COMPRESSED[0x0000010c])

    Exec Addr    Load Addr    Size         Type   Attr      Idx    E Section Name        Object

    0x20000000   COMPRESSED   0x00000008   Data   RW           33    .data               main.o
    0x20000008   COMPRESSED   0x00000058   Data   RW          564    .data               iap.o
    0x20000060   COMPRESSED   0x00000008   Data   RW          777    .data               modbus_data_iot.o
    0x20000068   COMPRESSED   0x00000002   Data   RW          778    .data               modbus_data_iot.o
    0x2000006a   COMPRESSED   0x00000002   Data   RW          779    .data               modbus_data_iot.o
    0x2000006c   COMPRESSED   0x00000002   Data   RW          780    .data               modbus_data_iot.o
    0x2000006e   COMPRESSED   0x00000028   Data   RW          781    .data               modbus_data_iot.o
    0x20000096   COMPRESSED   0x00000002   Data   RW          782    .data               modbus_data_iot.o
    0x20000098   COMPRESSED   0x00000002   Data   RW          784    .data               modbus_data_iot.o
    0x2000009a   COMPRESSED   0x00000002   Data   RW          785    .data               modbus_data_iot.o
    0x2000009c   COMPRESSED   0x00000004   Data   RW          900    .data               modbus_schedule.o
    0x200000a0   COMPRESSED   0x0000001c   Data   RW          983    .data               usbd_desc.o
    0x200000bc   COMPRESSED   0x00000016   Data   RW          984    .data               usbd_desc.o
    0x200000d2   COMPRESSED   0x00000002   PAD
    0x200000d4   COMPRESSED   0x00000010   Data   RW         1049    .data               usbd_cdc_if.o
    0x200000e4   COMPRESSED   0x0000000c   Data   RW         2988    .data               stm32f1xx_hal.o
    0x200000f0   COMPRESSED   0x00000004   Data   RW         3860    .data               system_stm32f1xx.o
    0x200000f4   COMPRESSED   0x0000003c   Data   RW         4241    .data               tasks.o
    0x20000130   COMPRESSED   0x00000018   Data   RW         4870    .data               heap_4.o
    0x20000148   COMPRESSED   0x0000000c   Data   RW         4933    .data               port.o
    0x20000154   COMPRESSED   0x00000001   Data   RW         5149    .data               usbd_ctlreq.o
    0x20000155   COMPRESSED   0x00000003   PAD
    0x20000158   COMPRESSED   0x000000db   Data   RW         5281    .data               usbd_cdc.o
    0x20000233   COMPRESSED   0x00000001   PAD
    0x20000234   COMPRESSED   0x00000038   Data   RW         5282    .data               usbd_cdc.o
    0x2000026c   COMPRESSED   0x0000012c   Data   RW         5379    .data               mb.o
    0x20000398   COMPRESSED   0x0000000c   Data   RW         5512    .data               mbrtu.o
    0x200003a4   COMPRESSED   0x00000002   Data   RW         5584    .data               port_serial.o
    0x200003a6   COMPRESSED   0x00000002   PAD
    0x200003a8   COMPRESSED   0x00000008   Data   RW         5646    .data               port_timer.o
    0x200003b0   COMPRESSED   0x00000004   Data   RW         5701    .data               portevent.o
    0x200003b4   COMPRESSED   0x00000001   Data   RW         5751    .data               portother.o
    0x200003b5   COMPRESSED   0x00000003   PAD
    0x200003b8   COMPRESSED   0x00000018   Data   RW         5903    .data               hnnce.o
    0x200003d0   COMPRESSED   0x00000004   Data   RW         6248    .data               mc_w.l(stdout.o)
    0x200003d4        -       0x00000044   Zero   RW           23    .bss                main.o
    0x20000418        -       0x00000044   Zero   RW           24    .bss                main.o
    0x2000045c        -       0x00000044   Zero   RW           25    .bss                main.o
    0x200004a0        -       0x00000044   Zero   RW           26    .bss                main.o
    0x200004e4        -       0x00000400   Zero   RW           27    .bss                main.o
    0x200008e4        -       0x00000054   Zero   RW           28    .bss                main.o
    0x20000938        -       0x00000400   Zero   RW           29    .bss                main.o
    0x20000d38        -       0x00000054   Zero   RW           30    .bss                main.o
    0x20000d8c        -       0x00000254   Zero   RW          285    .bss                freertos.o
    0x20000fe0        -       0x00000040   Zero   RW          479    .bss                stm32f1xx_hal_timebase_tim.o
    0x20001020        -       0x00000078   Zero   RW          563    .bss                iap.o
    0x20001098        -       0x00000040   Zero   RW          771    .bss                modbus_data_iot.o
    0x200010d8        -       0x00000040   Zero   RW          772    .bss                modbus_data_iot.o
    0x20001118        -       0x00000010   Zero   RW          773    .bss                modbus_data_iot.o
    0x20001128        -       0x00000224   Zero   RW          931    .bss                usb_device.o
    0x2000134c        -       0x00000200   Zero   RW          982    .bss                usbd_desc.o
    0x2000154c        -       0x000007d0   Zero   RW         1048    .bss                usbd_cdc_if.o
    0x20001d1c        -       0x00000680   Zero   RW         1126    .bss                usbd_conf.o
    0x2000239c   COMPRESSED   0x00000004   PAD
    0x200023a0        -       0x00000020   Zero   RW         3682    .bss                stm32f1xx_hal_flash.o
    0x200023c0        -       0x000000f0   Zero   RW         4240    .bss                tasks.o
    0x200024b0        -       0x00000c00   Zero   RW         4869    .bss                heap_4.o
    0x200030b0        -       0x00000406   Zero   RW         5511    .bss                mbrtu.o
    0x200034b6        -       0x00000405   Zero   RW         5902    .bss                hnnce.o
    0x200038bb   COMPRESSED   0x00000005   PAD
    0x200038c0        -       0x00000400   Zero   RW            1    STACK               startup_stm32f103xe.o


==============================================================================

Image component sizes


      Code (inc. data)   RO Data    RW Data    ZI Data      Debug   Object Name

       120          0          0          0          0      21041   cmsis_os.o
        56         16          0          0          0        923   delay_cpu_clk.o
         0          0          0          0          0      16868   event_groups.o
        20          4          0          0        596       1240   freertos.o
       460         24          0         24       3072       7335   heap_4.o
      1058         70          0         24       1029       8868   hnnce.o
      1836        732          4         88        120      12244   iap.o
       136          0          0          0          0       3398   list.o
       930         66         80          8       2488     538483   main.o
       396         50          0        300          0       7249   mb.o
        44          6        512          0          0       1196   mbcrc.o
       370          0          0          0          0       5407   mbfuncholding.o
       620         54          0         12       1030       7381   mbrtu.o
        76         20          0          0          0        804   mbutils.o
         0          0       2184         60        144       2826   modbus_data_iot.o
      1070        394        143          0          0       7174   modbus_iot.o
       160         22          0          4          0       1799   modbus_schedule.o
       526         60          0         12          0      10204   port.o
       332         42          0          2          0       4208   port_serial.o
        84         18          0          8          0       2171   port_timer.o
        56          8          0          4          0       2263   portevent.o
        12          6          0          1          0        704   portother.o
        80         22          0          0          0      23256   printf_reloc.o
        36          8        304          0       1024        800   startup_stm32f103xe.o
        64         14          0         12          0       5262   stm32f1xx_hal.o
       176         14          0          0          0      25621   stm32f1xx_hal_cortex.o
       584         32          0          0          0       1381   stm32f1xx_hal_dma.o
       376         42          0          0         32       4257   stm32f1xx_hal_flash.o
       300         78          0          0          0       3317   stm32f1xx_hal_flash_ex.o
       492         42          0          0          0       2256   stm32f1xx_hal_gpio.o
       128         10          0          0          0       1090   stm32f1xx_hal_msp.o
      1780          0          0          0          0      10169   stm32f1xx_hal_pcd.o
        52          0          0          0          0       1174   stm32f1xx_hal_pcd_ex.o
      1540        108          0          0          0       6263   stm32f1xx_hal_rcc.o
       232         12          0          0          0       1448   stm32f1xx_hal_rcc_ex.o
       586         20          0          0          0       6938   stm32f1xx_hal_tim.o
         4          0          0          0          0       1610   stm32f1xx_hal_tim_ex.o
       116         18          0          0         64       1419   stm32f1xx_hal_timebase_tim.o
        88         36          0          0          0       5733   stm32f1xx_it.o
      1630          0          0          0          0      12963   stm32f1xx_ll_usb.o
        72         16         24          4          0       1183   system_stm32f1xx.o
      1890        146          0         60        240      19075   tasks.o
        56         18          0          0        548       2431   usb_device.o
       590         22          0        275          0      12754   usbd_cdc.o
       120         22          0         16       2000       3472   usbd_cdc_if.o
       624         30          0          0       1664      13937   usbd_conf.o
       702         72          0          0          0       9311   usbd_core.o
       986         30          0          1          0       7828   usbd_ctlreq.o
       212        116          0         50        512       5223   usbd_desc.o
       132          0          0          0          0       4332   usbd_ioreq.o

    ----------------------------------------------------------------------
     22038       2520       3284        976      14572     858289   Object Totals
         0          0         32          0          0          0   (incl. Generated)
        28          0          1         11          9          0   (incl. Padding)

    ----------------------------------------------------------------------

      Code (inc. data)   RO Data    RW Data    ZI Data      Debug   Library Member Name

        86          0          0          0          0          0   __dczerorl2.o
         0          0          0          0          0          0   entry.o
         0          0          0          0          0          0   entry10a.o
         0          0          0          0          0          0   entry11a.o
         4          0          0          0          0          0   entry12b.o
         8          4          0          0          0          0   entry2.o
         4          0          0          0          0          0   entry5.o
         0          0          0          0          0          0   entry7b.o
         0          0          0          0          0          0   entry8b.o
         8          4          0          0          0          0   entry9a.o
        30          0          0          0          0          0   handlers.o
        36          8          0          0          0         68   init.o
        30          0          0          0          0         68   llshl.o
        32          0          0          0          0         68   llushr.o
        36          0          0          0          0         68   memcpya.o
        36          0          0          0          0        108   memseta.o
      1142         54          0          0          0        352   printf8.o
         0          0          0          4          0          0   stdout.o
        98          0          0          0          0         92   uldiv.o

    ----------------------------------------------------------------------
      1554         70          0          4          0        824   Library Totals
         4          0          0          0          0          0   (incl. Padding)

    ----------------------------------------------------------------------

      Code (inc. data)   RO Data    RW Data    ZI Data      Debug   Library Name

      1550         70          0          4          0        824   mc_w.l

    ----------------------------------------------------------------------
      1554         70          0          4          0        824   Library Totals

    ----------------------------------------------------------------------

==============================================================================


      Code (inc. data)   RO Data    RW Data    ZI Data      Debug   

     23592       2590       3284        980      14572     845149   Grand Totals
     23592       2590       3284        268      14572     845149   ELF Image Totals (compressed)
     23592       2590       3284        268          0          0   ROM Totals

==============================================================================

    Total RO  Size (Code + RO Data)                26876 (  26.25kB)
    Total RW  Size (RW Data + ZI Data)             15552 (  15.19kB)
    Total ROM Size (Code + RO Data + RW Data)      27144 (  26.51kB)

==============================================================================

